 PhysXCooking_64

 Timestamp is 5e9253a6 (Sat Apr 11 16:32:54 2020)

 Preferred load address is 0000000180000000

 Start         Length     Name                   Class
 0001:00000000 00000ba0H .text$di                CODE
 0001:00000ba0 0004ff60H .text$mn                CODE
 0001:00050b00 00000020H .text$mn$00             CODE
 0001:00050b20 000000f0H .text$x                 CODE
 0002:00000000 00000268H .idata$5                DATA
 0002:00000268 00000010H .00cfg                  DATA
 0002:00000278 00000008H .CRT$XCA                DATA
 0002:00000280 000001f0H .CRT$XCU                DATA
 0002:00000470 00000008H .CRT$XCZ                DATA
 0002:00000478 00000008H .CRT$XIA                DATA
 0002:00000480 00000008H .CRT$XIZ                DATA
 0002:00000488 00000008H .CRT$XPA                DATA
 0002:00000490 00000008H .CRT$XPZ                DATA
 0002:00000498 00000008H .CRT$XTA                DATA
 0002:000004a0 00000010H .CRT$XTZ                DATA
 0002:000004a8 00000000H .gfids$y                DATA
 0002:000004b0 00004af8H .rdata                  DATA
 0002:00004fa8 00000074H .rdata$r                DATA
 0002:0000501c 000003acH .rdata$zzzdbg           DATA
 0002:000053c8 00000008H .rtc$IAA                DATA
 0002:000053d0 000000a0H .rtc$IMZ                DATA
 0002:00005470 00000008H .rtc$IZZ                DATA
 0002:00005478 00000008H .rtc$TAA                DATA
 0002:00005480 000000a0H .rtc$TMZ                DATA
 0002:00005520 00000008H .rtc$TZZ                DATA
 0002:00005528 0000259cH .xdata                  DATA
 0002:00007ac4 00000040H .didat$2                DATA
 0002:00007b04 00000024H .didat$3                DATA
 0002:00007b28 000001d0H .didat$4                DATA
 0002:00007cf8 00000b30H .didat$6                DATA
 0002:00008828 000001d8H .didat$7                DATA
 0002:00008a00 00001d34H .edata                  DATA
 0002:0000a734 0000003cH .idata$2                DATA
 0002:0000a770 00000018H .idata$3                DATA
 0002:0000a788 00000268H .idata$4                DATA
 0002:0000a9f0 00000572H .idata$6                DATA
 0003:00000000 00000068H .data                   DATA
 0003:00000068 00000328H .data$r                 DATA
 0003:00000390 000001d0H .didat$5                DATA
 0003:00000560 00000bd8H .bss                    DATA
 0004:00000000 000034e0H .pdata                  DATA
 0005:00000000 000000a0H .rsrc$01                DATA
 0005:000000a0 000004b0H .rsrc$02                DATA

  Address         Publics by Value              Rva+Base               Lib:Object

 0000:00000000       __guard_longjmp_count      0000000000000000     <absolute>
 0000:00000000       __guard_iat_table          0000000000000000     <absolute>
 0000:00000000       __hybrid_code_map          0000000000000000     <absolute>
 0000:00000000       __hybrid_code_map_count    0000000000000000     <absolute>
 0000:00000000       __guard_iat_count          0000000000000000     <absolute>
 0000:00000000       __guard_longjmp_table      0000000000000000     <absolute>
 0000:00000000       __dynamic_value_reloc_table 0000000000000000     <absolute>
 0000:00000000       __guard_fids_table         0000000000000000     <absolute>
 0000:00000000       __enclave_config           0000000000000000     <absolute>
 0000:00000000       __hybrid_auxiliary_iat     0000000000000000     <absolute>
 0000:00000000       __guard_fids_count         0000000000000000     <absolute>
 0000:00000000       __volatile_metadata        0000000000000000     <absolute>
 0000:00000000       ___safe_se_handler_table   0000000000000000     <absolute>
 0000:00000000       ___safe_se_handler_count   0000000000000000     <absolute>
 0000:00000100       __guard_flags              0000000000000100     <absolute>
 0000:00000000       __ImageBase                0000000180000000     <linker-defined>
 0001:00000ba0       ?ComputeNbBoundaryEdges@AdjTriangle@physx@@QEBAIXZ 0000000180001ba0 f   Adjacencies.obj
 0001:00000c30       ?ComputeNbNeighbors@AdjTriangle@physx@@QEBAIXZ 0000000180001c30 f   Adjacencies.obj
 0001:00000cc0       ?HasNeighbor@AdjTriangle@physx@@QEBA_NIPEAI@Z 0000000180001cc0 f   Adjacencies.obj
 0001:00000dd0       ?Flip@AdjTriangle@physx@@QEAAXXZ 0000000180001dd0 f   Adjacencies.obj
 0001:00000e20       ??0Adjacencies@physx@@QEAA@XZ 0000000180001e20 f   Adjacencies.obj
 0001:00000e50       ??1Adjacencies@physx@@QEAA@XZ 0000000180001e50 f   Adjacencies.obj
 0001:00000eb0       ?Load@Adjacencies@physx@@QEAA_NAEAVPxInputStream@2@@Z 0000000180001eb0 f   Adjacencies.obj
 0001:00001040       ?ComputeNbBoundaryEdges@Adjacencies@physx@@QEBAIXZ 0000000180002040 f   Adjacencies.obj
 0001:000010c0       ?GetBoundaryVertices@Adjacencies@physx@@QEBA_NIPEA_NPEBU?$TriangleT@I@Gu@2@@Z 00000001800020c0 f   Adjacencies.obj
 0001:000013d0       ?MakeLastRef@Adjacencies@physx@@QEAA_NAEAVAdjTriangle@2@IPEAU?$TriangleT@I@Gu@2@@Z 00000001800023d0 f   Adjacencies.obj
 0001:00001730       ?AssignNewEdgeCode@Adjacencies@physx@@AEAAXIE@Z 0000000180002730 f   Adjacencies.obj
 0001:000017d0       ??0AdjacenciesBuilder@physx@@QEAA@XZ 00000001800027d0 f   Adjacencies.obj
 0001:00001800       ??1AdjacenciesBuilder@physx@@QEAA@XZ 0000000180002800 f   Adjacencies.obj
 0001:00001820       ?Init@AdjacenciesBuilder@physx@@QEAA_NAEBUADJACENCIESCREATE@2@@Z 0000000180002820 f   Adjacencies.obj
 0001:00002b20       ??$?_UI@@YAPEAX_KV?$ReflectionAllocator@I@shdfnd@physx@@PEBDH@Z 0000000180003b20 f i Adjacencies.obj
 0001:00002b60       ??$?_UV?$ReflectionAllocator@VAdjEdge@@@shdfnd@physx@@@UserAllocated@shdfnd@physx@@SAPEAX_KV?$ReflectionAllocator@VAdjEdge@@@12@PEBDH@Z 0000000180003b60 f i Adjacencies.obj
 0001:00002ba0       ??$?_UV?$ReflectionAllocator@VAdjTriangle@physx@@@shdfnd@physx@@@UserAllocated@shdfnd@physx@@SAPEAX_KV?$ReflectionAllocator@VAdjTriangle@physx@@@12@PEBDH@Z 0000000180003ba0 f i Adjacencies.obj
 0001:00002be0       ??$swap@I@shdfnd@physx@@YAXAEAI0@Z 0000000180003be0 f i Adjacencies.obj
 0001:00002c20       ??0?$ReflectionAllocator@I@shdfnd@physx@@QEAA@PEBD@Z 0000000180003c20 f i Adjacencies.obj
 0001:00002c30       ??0?$ReflectionAllocator@VAdjEdge@@@shdfnd@physx@@QEAA@PEBD@Z 0000000180003c30 f i Adjacencies.obj
 0001:00002c40       ??0?$ReflectionAllocator@VAdjTriangle@physx@@@shdfnd@physx@@QEAA@PEBD@Z 0000000180003c40 f i Adjacencies.obj
 0001:00002c50       ??0?$TriangleT@I@Gu@physx@@QEAA@XZ 0000000180003c50 f i Adjacencies.obj
 0001:00002c60       ??0AdjEdge@@QEAA@XZ        0000000180003c60 f i Adjacencies.obj
 0001:00002c70       ??0AdjTriangle@physx@@QEAA@XZ 0000000180003c70 f i Adjacencies.obj
 0001:00002c80       ??0Allocator@shdfnd@physx@@QEAA@PEBD@Z 0000000180003c80 f i Adjacencies.obj
 0001:00002c90       ??0EDGELISTCREATE@Gu@physx@@QEAA@XZ 0000000180003c90 f i Adjacencies.obj
 0001:00002d00       ??0NonTrackingAllocator@shdfnd@physx@@QEAA@PEBD@Z 0000000180003d00 f i Adjacencies.obj
 0001:00002d10       ??0PxFoundation@physx@@QEAA@AEBV01@@Z 0000000180003d10 f i Adjacencies.obj
 0001:00002d30       ??0PxFoundation@physx@@QEAA@XZ 0000000180003d30 f i Adjacencies.obj
 0001:00002d50       ??1AdjEdge@@QEAA@XZ        0000000180003d50 f i Adjacencies.obj
 0001:00002d60       ??1AdjTriangle@physx@@QEAA@XZ 0000000180003d60 f i Adjacencies.obj
 0001:00002d70       ??1PxFoundation@physx@@MEAA@XZ 0000000180003d70 f i Adjacencies.obj
 0001:00002d90       ??3UserAllocated@shdfnd@physx@@SAXPEAX@Z 0000000180003d90 f i Adjacencies.obj
 0001:00002dc0       ??4Allocator@shdfnd@physx@@QEAAAEAV012@$$QEAV012@@Z 0000000180003dc0 f i Adjacencies.obj
 0001:00002dd0       ??4Allocator@shdfnd@physx@@QEAAAEAV012@AEBV012@@Z 0000000180003dd0 f i Adjacencies.obj
 0001:00002de0       ??4MutexImpl@shdfnd@physx@@QEAAAEAV012@AEBV012@@Z 0000000180003de0 f i Adjacencies.obj
 0001:00002df0       ??4PxFoundation@physx@@QEAAAEAV01@AEBV01@@Z 0000000180003df0 f i Adjacencies.obj
 0001:00002e00       ??_EAdjEdge@@QEAAPEAXI@Z   0000000180003e00 f i Adjacencies.obj
 0001:00002ee0       ??_EAdjTriangle@physx@@QEAAPEAXI@Z 0000000180003ee0 f i Adjacencies.obj
 0001:00002fc0       ??_EPxFoundation@physx@@MEAAPEAXI@Z 0000000180003fc0 f i Adjacencies.obj
 0001:00003060       ??_FAllocator@shdfnd@physx@@QEAAXXZ 0000000180004060 f i Adjacencies.obj
 0001:00003080       ??_FNamedAllocator@shdfnd@physx@@QEAAXXZ 0000000180004080 f i Adjacencies.obj
 0001:000030a0       ??_GPxFoundation@physx@@MEAAPEAXI@Z 00000001800040a0 f i Adjacencies.obj
 0001:000030e0       ??_H@YAXPEAX_K1P6APEAX0@Z@Z 00000001800040e0 f i Adjacencies.obj
 0001:00003160       ??_I@YAXPEAX_K1P6AX0@Z@Z   0000000180004160 f i Adjacencies.obj
 0001:000031f0       ??_VUserAllocated@shdfnd@physx@@SAXPEAX@Z 00000001800041f0 f i Adjacencies.obj
 0001:00003220       ?GetNbHits@RadixSort@Cm@physx@@QEBAIXZ 0000000180004220 f i Adjacencies.obj
 0001:00003230       ?GetNbTotalCalls@RadixSort@Cm@physx@@QEBAIXZ 0000000180004230 f i Adjacencies.obj
 0001:00003240       ?GetRanks@RadixSort@Cm@physx@@QEBAPEBIXZ 0000000180004240 f i Adjacencies.obj
 0001:00003250       ?GetRecyclable@RadixSort@Cm@physx@@QEBAPEAIXZ 0000000180004250 f i Adjacencies.obj
 0001:00003260       ?HasActiveEdge01@AdjTriangle@physx@@QEBAHXZ 0000000180004260 f i Adjacencies.obj
 0001:00003280       ?HasActiveEdge01@EdgeTriangleAC@Gu@physx@@SAHAEBUEdgeTriangleData@23@@Z 0000000180004280 f i Adjacencies.obj
 0001:000032a0       ?HasActiveEdge12@AdjTriangle@physx@@QEBAHXZ 00000001800042a0 f i Adjacencies.obj
 0001:000032c0       ?HasActiveEdge12@EdgeTriangleAC@Gu@physx@@SAHAEBUEdgeTriangleData@23@@Z 00000001800042c0 f i Adjacencies.obj
 0001:000032e0       ?HasActiveEdge20@AdjTriangle@physx@@QEBAHXZ 00000001800042e0 f i Adjacencies.obj
 0001:00003300       ?HasActiveEdge20@EdgeTriangleAC@Gu@physx@@SAHAEBUEdgeTriangleData@23@@Z 0000000180004300 f i Adjacencies.obj
 0001:00003320       ?PxMemZero@physx@@YAPEAXPEAXI@Z 0000000180004320 f i Adjacencies.obj
 0001:00003340       ?__empty_global_delete@@YAXPEAX@Z 0000000180004340 f i Adjacencies.obj
 0001:00003350       ?__empty_global_delete@@YAXPEAX_K@Z 0000000180004350 f i Adjacencies.obj
 0001:00003360       ?allocate@?$ReflectionAllocator@I@shdfnd@physx@@QEAAPEAX_KPEBDH@Z 0000000180004360 f i Adjacencies.obj
 0001:000033e0       ?allocate@?$ReflectionAllocator@VAdjEdge@@@shdfnd@physx@@QEAAPEAX_KPEBDH@Z 00000001800043e0 f i Adjacencies.obj
 0001:00003460       ?allocate@?$ReflectionAllocator@VAdjTriangle@physx@@@shdfnd@physx@@QEAAPEAX_KPEBDH@Z 0000000180004460 f i Adjacencies.obj
 0001:000034e0       ?deallocate@NonTrackingAllocator@shdfnd@physx@@QEAAXPEAX@Z 00000001800044e0 f i Adjacencies.obj
 0001:00003520       ?findEdge@?$TriangleT@I@Gu@physx@@QEBAEII@Z 0000000180004520 f i Adjacencies.obj
 0001:00003680       ?getAllocator@Foundation@shdfnd@physx@@QEAAAEAVPxAllocatorCallback@3@XZ 0000000180004680 f i Adjacencies.obj
 0001:00003690       ?getAllocatorCallback@Foundation@shdfnd@physx@@UEAAAEAVPxAllocatorCallback@3@XZ 0000000180004690 f i Adjacencies.obj
 0001:000036a0       ?getEdgeTriangle@EdgeList@Gu@physx@@QEBAAEBUEdgeTriangleData@23@I@Z 00000001800046a0 f i Adjacencies.obj
 0001:000036c0       ?getErrorCallback@Foundation@shdfnd@physx@@UEAAAEAVPxErrorCallback@3@XZ 00000001800046c0 f i Adjacencies.obj
 0001:000036d0       ?getErrorLevel@Foundation@shdfnd@physx@@UEBA?AW4Enum@PxErrorCode@3@XZ 00000001800046d0 f i Adjacencies.obj
 0001:000036f0       ?getFoundation@shdfnd@physx@@YAAEAVFoundation@12@XZ 00000001800046f0 f i Adjacencies.obj
 0001:00003700       ?getInternalErrorCallback@Foundation@shdfnd@physx@@QEAAAEAVPxErrorCallback@3@XZ 0000000180004700 f i Adjacencies.obj
 0001:00003720       ?getName@?$ReflectionAllocator@I@shdfnd@physx@@CAPEBDXZ 0000000180004720 f i Adjacencies.obj
 0001:00003760       ?getName@?$ReflectionAllocator@VAdjEdge@@@shdfnd@physx@@CAPEBDXZ 0000000180004760 f i Adjacencies.obj
 0001:000037a0       ?getName@?$ReflectionAllocator@VAdjTriangle@physx@@@shdfnd@physx@@CAPEBDXZ 00000001800047a0 f i Adjacencies.obj
 0001:000037e0       ?getNamedAllocMap@Foundation@shdfnd@physx@@QEAAAEAV?$HashMap@PEBVNamedAllocator@shdfnd@physx@@PEBDU?$Hash@PEBVNamedAllocator@shdfnd@physx@@@23@VNonTrackingAllocator@23@@23@XZ 00000001800047e0 f i Adjacencies.obj
 0001:00003800       ?getNamedAllocMutex@Foundation@shdfnd@physx@@QEAAAEAV?$MutexT@VAllocator@shdfnd@physx@@@23@XZ 0000000180004800 f i Adjacencies.obj
 0001:00003820       ?getReportAllocationNames@Foundation@shdfnd@physx@@UEBA_NXZ 0000000180004820 f i Adjacencies.obj
 0001:00003840       ?getTempAllocFreeTable@Foundation@shdfnd@physx@@QEAAAEAV?$Array@PEATTempAllocatorChunk@shdfnd@physx@@VAllocator@23@@23@XZ 0000000180004840 f i Adjacencies.obj
 0001:00003860       ?getTempAllocMutex@Foundation@shdfnd@physx@@QEAAAEAV?$MutexT@VAllocator@shdfnd@physx@@@23@XZ 0000000180004860 f i Adjacencies.obj
 0001:00003880       ?invalidateRanks@RadixSort@Cm@physx@@QEAAXXZ 0000000180004880 f i Adjacencies.obj
 0001:000038a0       ?memZero@intrinsics@physx@@YAPEAXPEAXI@Z 00000001800048a0 f i Adjacencies.obj
 0001:000038d0       ?name@type_info@@QEBAPEBDXZ 00000001800048d0 f i Adjacencies.obj
 0001:00003900       ?setErrorLevel@Foundation@shdfnd@physx@@UEAAXW4Enum@PxErrorCode@3@@Z 0000000180004900 f i Adjacencies.obj
 0001:00003920       ?setReportAllocationNames@Foundation@shdfnd@physx@@UEAAX_N@Z 0000000180004920 f i Adjacencies.obj
 0001:00003940       PxCreateCooking            0000000180004940 f   Cooking.obj
 0001:00003a30       ?release@Cooking@physx@@UEAAXXZ 0000000180004a30 f   Cooking.obj
 0001:00003a90       ?setParams@Cooking@physx@@UEAAXAEBUPxCookingParams@2@@Z 0000000180004a90 f   Cooking.obj
 0001:00003ac0       ?getParams@Cooking@physx@@UEBAAEBUPxCookingParams@2@XZ 0000000180004ac0 f   Cooking.obj
 0001:00003ae0       ?platformMismatch@Cooking@physx@@UEBA_NXZ 0000000180004ae0 f   Cooking.obj
 0001:00003b30       ?cookTriangleMesh@Cooking@physx@@UEBA_NAEBVPxTriangleMeshDesc@2@AEAVPxOutputStream@2@PEAW4Enum@PxTriangleMeshCookingResult@2@@Z 0000000180004b30 f   Cooking.obj
 0001:00003c40       ?createTriangleMesh@Cooking@physx@@UEBAPEAVPxTriangleMesh@2@AEBVPxTriangleMeshDesc@2@AEAVPxPhysicsInsertionCallback@2@PEAW4Enum@PxTriangleMeshCookingResult@2@@Z 0000000180004c40 f   Cooking.obj
 0001:00003d50       ?validateTriangleMesh@Cooking@physx@@UEBA_NAEBVPxTriangleMeshDesc@2@@Z 0000000180004d50 f   Cooking.obj
 0001:00003e20       ?cookConvexMesh@Cooking@physx@@UEBA_NAEBVPxConvexMeshDesc@2@AEAVPxOutputStream@2@PEAW4Enum@PxConvexMeshCookingResult@2@@Z 0000000180004e20 f   Cooking.obj
 0001:00004180       ?createConvexMesh@Cooking@physx@@UEBAPEAVPxConvexMesh@2@AEBVPxConvexMeshDesc@2@AEAVPxPhysicsInsertionCallback@2@PEAW4Enum@PxConvexMeshCookingResult@2@@Z 0000000180005180 f   Cooking.obj
 0001:00004540       ?validateConvexMesh@Cooking@physx@@UEBA_NAEBVPxConvexMeshDesc@2@@Z 0000000180005540 f   Cooking.obj
 0001:000045c0       ?computeHullPolygons@Cooking@physx@@UEBA_NAEBVPxSimpleTriangleMesh@2@AEAVPxAllocatorCallback@2@AEAIAEAPEAVPxVec3@2@2AEAPEAI2AEAPEAUPxHullPolygon@2@@Z 00000001800055c0 f   Cooking.obj
 0001:00004890       ?cookHeightField@Cooking@physx@@UEBA_NAEBVPxHeightFieldDesc@2@AEAVPxOutputStream@2@@Z 0000000180005890 f   Cooking.obj
 0001:000049f0       ?createHeightField@Cooking@physx@@UEBAPEAVPxHeightField@2@AEBVPxHeightFieldDesc@2@AEAVPxPhysicsInsertionCallback@2@@Z 00000001800059f0 f   Cooking.obj
 0001:00004d10       ?cookBVHStructure@Cooking@physx@@UEBA_NAEBVPxBVHStructureDesc@2@AEAVPxOutputStream@2@@Z 0000000180005d10 f   Cooking.obj
 0001:00004e30       ?createBVHStructure@Cooking@physx@@UEBAPEAVPxBVHStructure@2@AEBVPxBVHStructureDesc@2@AEAVPxPhysicsInsertionCallback@2@@Z 0000000180005e30 f   Cooking.obj
 0001:00004f60       ?cookConvexMeshInternal@Cooking@physx@@AEBA_NAEBVPxConvexMeshDesc@2@AEAVConvexMeshBuilder@2@PEAVConvexHullLib@2@PEAW4Enum@PxConvexMeshCookingResult@2@@Z 0000000180005f60 f   Cooking.obj
 0001:00005280       ?cookTriangleMesh@Cooking@physx@@AEBA_NAEAVTriangleMeshBuilder@2@AEBVPxTriangleMeshDesc@2@AEAVPxOutputStream@2@PEAW4Enum@PxTriangleMeshCookingResult@2@@Z 0000000180006280 f   Cooking.obj
 0001:00005360       ?createTriangleMesh@Cooking@physx@@AEBAPEAVPxTriangleMesh@2@AEAVTriangleMeshBuilder@2@AEBVPxTriangleMeshDesc@2@AEAVPxPhysicsInsertionCallback@2@PEAW4Enum@PxTriangleMeshCookingResult@2@@Z 0000000180006360 f   Cooking.obj
 0001:00005530       ??$?2V?$ReflectionAllocator@VCooking@physx@@@shdfnd@physx@@@UserAllocated@shdfnd@physx@@SAPEAX_KV?$ReflectionAllocator@VCooking@physx@@@12@PEBDH@Z 0000000180006530 f i Cooking.obj
 0001:00005570       ??$?2V?$ReflectionAllocator@VQuickHullConvexHullLib@physx@@@shdfnd@physx@@@UserAllocated@shdfnd@physx@@SAPEAX_KV?$ReflectionAllocator@VQuickHullConvexHullLib@physx@@@12@PEBDH@Z 0000000180006570 f i Cooking.obj
 0001:000055b0       ??$PX_UNUSED@VPxFoundation@physx@@@@YAXAEBVPxFoundation@physx@@@Z 00000001800065b0 f i Cooking.obj
 0001:000055c0       ??$PX_UNUSED@W4PxIDENTITY@physx@@@@YAXAEBW4PxIDENTITY@physx@@@Z 00000001800065c0 f i Cooking.obj
 0001:000055d0       ??$PxMax@I@physx@@YAIII@Z  00000001800065d0 f i Cooking.obj
 0001:00005600       ??$PxMin@G@physx@@YAGGG@Z  0000000180006600 f i Cooking.obj
 0001:00005640       ??0?$PxBitAndDataT@G$0IAAA@@physx@@QEAA@XZ 0000000180006640 f i Cooking.obj
 0001:00005660       ??0?$PxFlags@W4Enum@PxBaseFlag@physx@@G@physx@@QEAA@AEBV01@@Z 0000000180006660 f i Cooking.obj
 0001:00005680       ??0?$PxFlags@W4Enum@PxConvexFlag@physx@@G@physx@@QEAA@AEBV01@@Z 0000000180006680 f i Cooking.obj
 0001:000056a0       ??0?$PxFlags@W4Enum@PxConvexFlag@physx@@G@physx@@QEAA@W4Enum@PxConvexFlag@1@@Z 00000001800066a0 f i Cooking.obj
 0001:000056c0       ??0?$PxFlags@W4Enum@PxConvexFlag@physx@@G@physx@@QEAA@XZ 00000001800066c0 f i Cooking.obj
 0001:000056e0       ??0?$PxFlags@W4Enum@PxHeightFieldFlag@physx@@G@physx@@QEAA@AEBV01@@Z 00000001800066e0 f i Cooking.obj
 0001:00005700       ??0?$PxFlags@W4Enum@PxHeightFieldFlag@physx@@G@physx@@QEAA@W4PxEMPTY@1@@Z 0000000180006700 f i Cooking.obj
 0001:00005710       ??0?$PxFlags@W4Enum@PxHeightFieldFlag@physx@@G@physx@@QEAA@XZ 0000000180006710 f i Cooking.obj
 0001:00005730       ??0?$PxFlags@W4Enum@PxMeshFlag@physx@@G@physx@@QEAA@AEBV01@@Z 0000000180006730 f i Cooking.obj
 0001:00005750       ??0?$PxFlags@W4Enum@PxMeshPreprocessingFlag@physx@@I@physx@@QEAA@AEBV01@@Z 0000000180006750 f i Cooking.obj
 0001:00005770       ??0?$ReflectionAllocator@VCooking@physx@@@shdfnd@physx@@QEAA@PEBD@Z 0000000180006770 f i Cooking.obj
 0001:00005780       ??0?$ReflectionAllocator@VHeightField@Gu@physx@@@shdfnd@physx@@QEAA@PEBD@Z 0000000180006780 f i Cooking.obj
 0001:00005790       ??0?$ReflectionAllocator@VQuickHullConvexHullLib@physx@@@shdfnd@physx@@QEAA@PEBD@Z 0000000180006790 f i Cooking.obj
 0001:000057a0       ??0CenterExtents@Gu@physx@@QEAA@AEBV012@@Z 00000001800067a0 f i Cooking.obj
 0001:000057f0       ??0CenterExtents@Gu@physx@@QEAA@XZ 00000001800067f0 f i Cooking.obj
 0001:00005830       ??0ConvexHullData@Gu@physx@@QEAA@XZ 0000000180006830 f i Cooking.obj
 0001:00005880       ??0ConvexHullInitData@Gu@physx@@QEAA@XZ 0000000180006880 f i Cooking.obj
 0001:000058c0       ??0Cooking@physx@@QEAA@AEBUPxCookingParams@1@@Z 00000001800068c0 f i Cooking.obj
 0001:00005910       ??0DebugText@Cm@physx@@QEAA@$$QEAU012@@Z 0000000180006910 f i Cooking.obj
 0001:00005980       ??0DebugText@Cm@physx@@QEAA@AEBU012@@Z 0000000180006980 f i Cooking.obj
 0001:000059f0       ??0HeightFieldData@Gu@physx@@QEAA@$$QEAU012@@Z 00000001800069f0 f i Cooking.obj
 0001:00005ad0       ??0HeightFieldData@Gu@physx@@QEAA@AEBU012@@Z 0000000180006ad0 f i Cooking.obj
 0001:00005bb0       ??0HeightFieldData@Gu@physx@@QEAA@W4PxEMPTY@2@@Z 0000000180006bb0 f i Cooking.obj
 0001:00005bf0       ??0HeightFieldData@Gu@physx@@QEAA@XZ 0000000180006bf0 f i Cooking.obj
 0001:00005c30       ??0PxConvexMeshDesc@physx@@QEAA@AEBV01@@Z 0000000180006c30 f i Cooking.obj
 0001:00005cd0       ??0PxCooking@physx@@QEAA@XZ 0000000180006cd0 f i Cooking.obj
 0001:00005cf0       ??0PxCookingParams@physx@@QEAA@AEBU01@@Z 0000000180006cf0 f i Cooking.obj
 0001:00005de0       ??0PxDebugLine@physx@@QEAA@AEBU01@@Z 0000000180006de0 f i Cooking.obj
 0001:00005e50       ??0PxMat33@physx@@QEAA@XZ  0000000180006e50 f i Cooking.obj
 0001:00005ea0       ??0PxMat44@physx@@QEAA@AEBV01@@Z 0000000180006ea0 f i Cooking.obj
 0001:00005f20       ??0PxMat44@physx@@QEAA@W4PxIDENTITY@1@@Z 0000000180006f20 f i Cooking.obj
 0001:00005fe0       ??0PxVec3@physx@@QEAA@AEBV01@@Z 0000000180006fe0 f i Cooking.obj
 0001:00006030       ??0PxVec3@physx@@QEAA@M@Z  0000000180007030 f i Cooking.obj
 0001:00006070       ??0PxVec3@physx@@QEAA@MMM@Z 0000000180007070 f i Cooking.obj
 0001:000060c0       ??0PxVec3@physx@@QEAA@XZ   00000001800070c0 f i Cooking.obj
 0001:000060d0       ??0PxVec4@physx@@QEAA@AEBV01@@Z 00000001800070d0 f i Cooking.obj
 0001:00006130       ??0PxVec4@physx@@QEAA@MMMM@Z 0000000180007130 f i Cooking.obj
 0001:00006190       ??0RenderOutput@Cm@physx@@QEAA@AEAVRenderBuffer@12@@Z 0000000180007190 f i Cooking.obj
 0001:00006220       ??0RenderOutput@Cm@physx@@QEAA@AEBV012@@Z 0000000180007220 f i Cooking.obj
 0001:000062d0       ??1CenterExtents@Gu@physx@@QEAA@XZ 00000001800072d0 f i Cooking.obj
 0001:000062e0       ??1ConvexHullData@Gu@physx@@QEAA@XZ 00000001800072e0 f i Cooking.obj
 0001:00006300       ??1ConvexHullInitData@Gu@physx@@QEAA@XZ 0000000180007300 f i Cooking.obj
 0001:00006320       ??1Cooking@physx@@UEAA@XZ  0000000180007320 f i Cooking.obj
 0001:00006340       ??1HeightFieldData@Gu@physx@@QEAA@XZ 0000000180007340 f i Cooking.obj
 0001:00006360       ??1PxBase@physx@@MEAA@XZ   0000000180007360 f i Cooking.obj
 0001:00006380       ??1PxConvexMesh@physx@@MEAA@XZ 0000000180007380 f i Cooking.obj
 0001:000063b0       ??1PxCooking@physx@@MEAA@XZ 00000001800073b0 f i Cooking.obj
 0001:000063d0       ??1PxHeightField@physx@@MEAA@XZ 00000001800073d0 f i Cooking.obj
 0001:00006400       ??2@YAPEAX_KPEAX@Z         0000000180007400 f i Cooking.obj
 0001:00006410       ??2UserAllocated@shdfnd@physx@@SAPEAX_KPEAX@Z 0000000180007410 f i Cooking.obj
 0001:00006420       ??4?$PxFlags@W4Enum@PxHeightFieldFlag@physx@@G@physx@@QEAAAEAV01@AEBV01@@Z 0000000180007420 f i Cooking.obj
 0001:00006440       ??4?$PxFlags@W4Enum@PxMeshPreprocessingFlag@physx@@I@physx@@QEAAAEAV01@AEBV01@@Z 0000000180007440 f i Cooking.obj
 0001:00006460       ??4CenterExtents@Gu@physx@@QEAAAEAV012@AEBV012@@Z 0000000180007460 f i Cooking.obj
 0001:000064b0       ??4DebugText@Cm@physx@@QEAAAEAU012@$$QEAU012@@Z 00000001800074b0 f i Cooking.obj
 0001:00006550       ??4DebugText@Cm@physx@@QEAAAEAU012@AEBU012@@Z 0000000180007550 f i Cooking.obj
 0001:000065f0       ??4FPUGuard@shdfnd@physx@@QEAAAEAV012@AEBV012@@Z 00000001800075f0 f i Cooking.obj
 0001:00006620       ??4HeightFieldData@Gu@physx@@QEAAAEAU012@$$QEAU012@@Z 0000000180007620 f i Cooking.obj
 0001:00006700       ??4HeightFieldData@Gu@physx@@QEAAAEAU012@AEBU012@@Z 0000000180007700 f i Cooking.obj
 0001:000067e0       ??4PxCookingParams@physx@@QEAAAEAU01@AEBU01@@Z 00000001800077e0 f i Cooking.obj
 0001:000068d0       ??4PxVec3@physx@@QEAAAEAV01@AEBV01@@Z 00000001800078d0 f i Cooking.obj
 0001:00006920       ??9?$PxFlags@W4Enum@PxHeightFieldFlag@physx@@G@physx@@QEBA_NAEBV01@@Z 0000000180007920 f i Cooking.obj
 0001:00006960       ??B?$PxBitAndDataT@E$0IA@@physx@@QEBAEXZ 0000000180007960 f i Cooking.obj
 0001:00006980       ??B?$PxBitAndDataT@G$0IAAA@@physx@@QEBAGXZ 0000000180007980 f i Cooking.obj
 0001:000069a0       ??B?$PxFlags@W4Enum@PxBaseFlag@physx@@G@physx@@QEBA_NXZ 00000001800079a0 f i Cooking.obj
 0001:000069d0       ??B?$PxFlags@W4Enum@PxConvexFlag@physx@@G@physx@@QEBA_NXZ 00000001800079d0 f i Cooking.obj
 0001:00006a00       ??B?$PxFlags@W4Enum@PxMeshFlag@physx@@G@physx@@QEBA_NXZ 0000000180007a00 f i Cooking.obj
 0001:00006a30       ??B?$PxFlags@W4Enum@PxMeshPreprocessingFlag@physx@@I@physx@@QEBA_NXZ 0000000180007a30 f i Cooking.obj
 0001:00006a60       ??I?$PxFlags@W4Enum@PxBaseFlag@physx@@G@physx@@QEBA?AV01@W4Enum@PxBaseFlag@1@@Z 0000000180007a60 f i Cooking.obj
 0001:00006ab0       ??I?$PxFlags@W4Enum@PxConvexFlag@physx@@G@physx@@QEBA?AV01@W4Enum@PxConvexFlag@1@@Z 0000000180007ab0 f i Cooking.obj
 0001:00006b00       ??I?$PxFlags@W4Enum@PxHeightFieldFlag@physx@@G@physx@@QEBA?AV01@W4Enum@PxHeightFieldFlag@1@@Z 0000000180007b00 f i Cooking.obj
 0001:00006b50       ??I?$PxFlags@W4Enum@PxMeshFlag@physx@@G@physx@@QEBA?AV01@W4Enum@PxMeshFlag@1@@Z 0000000180007b50 f i Cooking.obj
 0001:00006ba0       ??I?$PxFlags@W4Enum@PxMeshPreprocessingFlag@physx@@I@physx@@QEBA?AV01@W4Enum@PxMeshPreprocessingFlag@1@@Z 0000000180007ba0 f i Cooking.obj
 0001:00006bf0       ??S?$PxFlags@W4Enum@PxConvexFlag@physx@@G@physx@@QEBA?AV01@XZ 0000000180007bf0 f i Cooking.obj
 0001:00006c30       ??Sphysx@@YA?AV?$PxFlags@W4Enum@PxConvexFlag@physx@@G@0@W4Enum@PxConvexFlag@0@@Z 0000000180007c30 f i Cooking.obj
 0001:00006c70       ??_4?$PxFlags@W4Enum@PxConvexFlag@physx@@G@physx@@QEAAAEAV01@AEBV01@@Z 0000000180007c70 f i Cooking.obj
 0001:00006ca0       ??_EPxConvexMesh@physx@@MEAAPEAXI@Z 0000000180007ca0 f i Cooking.obj
 0001:00006d40       ??_EPxHeightField@physx@@MEAAPEAXI@Z 0000000180007d40 f i Cooking.obj
 0001:00006de0       ??_ECooking@physx@@UEAAPEAXI@Z 0000000180007de0 f i Cooking.obj
 0001:00006de0       ??_GCooking@physx@@UEAAPEAXI@Z 0000000180007de0 f i Cooking.obj
 0001:00006e40       ??_GPxBase@physx@@MEAAPEAXI@Z 0000000180007e40 f i Cooking.obj
 0001:00006e40       ??_EPxBase@physx@@MEAAPEAXI@Z 0000000180007e40 f i Cooking.obj
 0001:00006e80       ??_GPxCooking@physx@@MEAAPEAXI@Z 0000000180007e80 f i Cooking.obj
 0001:00006e80       ??_EPxCooking@physx@@MEAAPEAXI@Z 0000000180007e80 f i Cooking.obj
 0001:00006ec0       ?FLoad@aos@shdfnd@physx@@YA?AT__m128@@M@Z 0000000180007ec0 f i Cooking.obj
 0001:00006ef0       ?PxMemCopy@physx@@YAPEAXPEAXPEBXI@Z 0000000180007ef0 f i Cooking.obj
 0001:00006f20       ?V3Load@aos@shdfnd@physx@@YA?AT__m128@@M@Z 0000000180007f20 f i Cooking.obj
 0001:00006f60       ?V4Load@aos@shdfnd@physx@@YA?AT__m128@@M@Z 0000000180007f60 f i Cooking.obj
 0001:00006f90       ?allocate@?$Array@UPxDebugLine@physx@@VNamedAllocator@shdfnd@2@@shdfnd@physx@@IEAAPEAUPxDebugLine@3@I@Z 0000000180007f90 f i Cooking.obj
 0001:00007020       ?allocate@?$ReflectionAllocator@VCooking@physx@@@shdfnd@physx@@QEAAPEAX_KPEBDH@Z 0000000180008020 f i Cooking.obj
 0001:000070a0       ?allocate@?$ReflectionAllocator@VHeightField@Gu@physx@@@shdfnd@physx@@QEAAPEAX_KPEBDH@Z 00000001800080a0 f i Cooking.obj
 0001:00007120       ?allocate@?$ReflectionAllocator@VQuickHullConvexHullLib@physx@@@shdfnd@physx@@QEAAPEAX_KPEBDH@Z 0000000180008120 f i Cooking.obj
 0001:000071a0       ?capacity@?$Array@UPxDebugLine@physx@@VNamedAllocator@shdfnd@2@@shdfnd@physx@@QEBAIXZ 00000001800081a0 f i Cooking.obj
 0001:000071c0       ?copy@?$Array@UPxDebugLine@physx@@VNamedAllocator@shdfnd@2@@shdfnd@physx@@KAXPEAUPxDebugLine@3@0PEBU43@@Z 00000001800081c0 f i Cooking.obj
 0001:00007240       ?deallocate@?$Array@UPxDebugLine@physx@@VNamedAllocator@shdfnd@2@@shdfnd@physx@@IEAAXPEAX@Z 0000000180008240 f i Cooking.obj
 0001:00007270       ?destroy@?$Array@UPxDebugLine@physx@@VNamedAllocator@shdfnd@2@@shdfnd@physx@@KAXPEAUPxDebugLine@3@0@Z 0000000180008270 f i Cooking.obj
 0001:000072a0       ?end@?$Array@UPxDebugLine@physx@@VNamedAllocator@shdfnd@2@@shdfnd@physx@@QEAAPEAUPxDebugLine@3@XZ 00000001800082a0 f i Cooking.obj
 0001:000072c0       ?forceSize_Unsafe@?$Array@UPxDebugLine@physx@@VNamedAllocator@shdfnd@2@@shdfnd@physx@@QEAAXI@Z 00000001800082c0 f i Cooking.obj
 0001:00007340       ?fsel@intrinsics@physx@@YAMMMM@Z 0000000180008340 f i Cooking.obj
 0001:00007390       ?gatherStrided@Cooking@physx@@SAXPEBXPEAXIII@Z 0000000180008390 f i Cooking.obj
 0001:00007420       ?getConcreteTypeName@PxConvexMesh@physx@@UEBAPEBDXZ 0000000180008420 f i Cooking.obj
 0001:00007430       ?getConcreteTypeName@PxHeightField@physx@@UEBAPEBDXZ 0000000180008430 f i Cooking.obj
 0001:00007440       ?getConvexEdgeThreshold@HeightField@Gu@physx@@UEBAMXZ 0000000180008440 f i Cooking.obj
 0001:00007450       ?getFlags@HeightField@Gu@physx@@UEBA?AV?$PxFlags@W4Enum@PxHeightFieldFlag@physx@@G@3@XZ 0000000180008450 f i Cooking.obj
 0001:00007480       ?getFormat@HeightField@Gu@physx@@UEBA?AW4Enum@PxHeightFieldFormat@3@XZ 0000000180008480 f i Cooking.obj
 0001:00007490       ?getHeight@HeightField@Gu@physx@@QEBAMI@Z 0000000180008490 f i Cooking.obj
 0001:000074c0       ?getHeight@HeightField@Gu@physx@@UEBAMMM@Z 00000001800084c0 f i Cooking.obj
 0001:000074f0       ?getHeightInternal2@HeightField@Gu@physx@@QEBAMIMM@Z 00000001800084f0 f i Cooking.obj
 0001:00007760       ?getHeightInternal@HeightField@Gu@physx@@QEBAMMM@Z 0000000180008760 f i Cooking.obj
 0001:000077c0       ?getHullVertices@ConvexHullData@Gu@physx@@QEBAPEBVPxVec3@3@XZ 00000001800087c0 f i Cooking.obj
 0001:00007800       ?getIndexBuffer@ConvexMesh@Gu@physx@@UEBAPEBEXZ 0000000180008800 f i Cooking.obj
 0001:00007820       ?getMaterialIndex0@HeightField@Gu@physx@@QEBAGI@Z 0000000180008820 f i Cooking.obj
 0001:00007850       ?getMaterialIndex1@HeightField@Gu@physx@@QEBAGI@Z 0000000180008850 f i Cooking.obj
 0001:00007880       ?getMeshData@TriangleMeshBuilder@physx@@QEAAAEAVTriangleMeshData@Gu@2@XZ 0000000180008880 f i Cooking.obj
 0001:00007890       ?getName@?$ReflectionAllocator@VCooking@physx@@@shdfnd@physx@@CAPEBDXZ 0000000180008890 f i Cooking.obj
 0001:000078d0       ?getName@?$ReflectionAllocator@VHeightField@Gu@physx@@@shdfnd@physx@@CAPEBDXZ 00000001800088d0 f i Cooking.obj
 0001:00007910       ?getName@?$ReflectionAllocator@VQuickHullConvexHullLib@physx@@@shdfnd@physx@@CAPEBDXZ 0000000180008910 f i Cooking.obj
 0001:00007950       ?getNbColumns@HeightField@Gu@physx@@UEBAIXZ 0000000180008950 f i Cooking.obj
 0001:00007960       ?getNbColumnsFast@HeightField@Gu@physx@@QEBAIXZ 0000000180008960 f i Cooking.obj
 0001:00007970       ?getNbPolygons@ConvexMesh@Gu@physx@@UEBAIXZ 0000000180008970 f i Cooking.obj
 0001:00007980       ?getNbRows@HeightField@Gu@physx@@UEBAIXZ 0000000180008980 f i Cooking.obj
 0001:00007990       ?getNbVertices@ConvexMesh@Gu@physx@@UEBAIXZ 0000000180008990 f i Cooking.obj
 0001:000079a0       ?getPaddedBounds@HeightFieldData@Gu@physx@@QEBAAEBVCenterExtentsPadded@23@XZ 00000001800089a0 f i Cooking.obj
 0001:000079b0       ?getSample@HeightField@Gu@physx@@QEBAAEBUPxHeightFieldSample@3@I@Z 00000001800089b0 f i Cooking.obj
 0001:00007a30       ?getSample@HeightField@Gu@physx@@UEBAAEBUPxHeightFieldSample@3@II@Z 0000000180008a30 f i Cooking.obj
 0001:00007a70       ?getSampleStride@HeightField@Gu@physx@@UEBAIXZ 0000000180008a70 f i Cooking.obj
 0001:00007a80       ?getTimestamp@HeightField@Gu@physx@@UEBAIXZ 0000000180008a80 f i Cooking.obj
 0001:00007a90       ?getTriangleMaterial@HeightField@Gu@physx@@QEBAGI@Z 0000000180008a90 f i Cooking.obj
 0001:00007af0       ?getTriangleMaterialIndex@HeightField@Gu@physx@@UEBAGI@Z 0000000180008af0 f i Cooking.obj
 0001:00007b10       ?getTriangleNormal@HeightField@Gu@physx@@UEBA?AVPxVec3@3@I@Z 0000000180008b10 f i Cooking.obj
 0001:00007b50       ?getTriangleNormalInternal@HeightField@Gu@physx@@QEBA?AVPxVec3@3@I@Z 0000000180008b50 f i Cooking.obj
 0001:00007db0       ?getTriangleVertexIndices@HeightField@Gu@physx@@QEBAXIAEAI00@Z 0000000180008db0 f i Cooking.obj
 0001:00007f00       ?getType@PxMidphaseDesc@physx@@QEBA?AW4Enum@PxMeshMidPhase@2@XZ 0000000180008f00 f i Cooking.obj
 0001:00007f10       ?getVertexData8@ConvexHullData@Gu@physx@@QEBAPEBEXZ 0000000180008f10 f i Cooking.obj
 0001:00007ff0       ?getVertices@ConvexMesh@Gu@physx@@UEBAPEBVPxVec3@3@XZ 0000000180008ff0 f i Cooking.obj
 0001:00008010       ?grow@?$Array@UPxDebugLine@physx@@VNamedAllocator@shdfnd@2@@shdfnd@physx@@IEAAXI@Z 0000000180009010 f i Cooking.obj
 0001:00008090       ?isBitSet@?$PxBitAndDataT@E$0IA@@physx@@QEBAEXZ 0000000180009090 f i Cooking.obj
 0001:000080b0       ?isBitSet@?$PxBitAndDataT@G$0IAAA@@physx@@QEBAGXZ 00000001800090b0 f i Cooking.obj
 0001:000080d0       ?isFirstTriangle@HeightField@Gu@physx@@QEBA_NI@Z 00000001800090d0 f i Cooking.obj
 0001:00008110       ?isInUserMemory@?$Array@UPxDebugLine@physx@@VNamedAllocator@shdfnd@2@@shdfnd@physx@@QEBAIXZ 0000000180009110 f i Cooking.obj
 0001:00008130       ?isKindOf@PxBase@physx@@MEBA_NPEBD@Z 0000000180009130 f i Cooking.obj
 0001:00008170       ?isKindOf@PxConvexMesh@physx@@MEBA_NPEBD@Z 0000000180009170 f i Cooking.obj
 0001:000081d0       ?isKindOf@PxHeightField@physx@@MEBA_NPEBD@Z 00000001800091d0 f i Cooking.obj
 0001:00008230       ?isReleasable@PxBase@physx@@UEBA_NXZ 0000000180009230 f i Cooking.obj
 0001:00008270       ?isValid@PxBVHStructureDesc@physx@@QEBA_NXZ 0000000180009270 f i Cooking.obj
 0001:000082b0       ?isValid@PxConvexMeshDesc@physx@@QEBA_NXZ 00000001800092b0 f i Cooking.obj
 0001:000084c0       ?isValid@PxHeightFieldDesc@physx@@QEBA_NXZ 00000001800094c0 f i Cooking.obj
 0001:00008570       ?isValid@PxSimpleTriangleMesh@physx@@QEBA_NXZ 0000000180009570 f i Cooking.obj
 0001:00008650       ?isValid@PxTriangleMeshDesc@physx@@QEBA_NXZ 0000000180009650 f i Cooking.obj
 0001:000086c0       ?isValidVertex@HeightField@Gu@physx@@QEBA_NI@Z 00000001800096c0 f i Cooking.obj
 0001:00008700       ?isZerothVertexShared@HeightField@Gu@physx@@QEBA_NI@Z 0000000180009700 f i Cooking.obj
 0001:00008750       ?littleEndian@shdfnd@physx@@YADXZ 0000000180009750 f i Cooking.obj
 0001:00008770       ?markSerializedMem@Cm@physx@@YAXPEAXI@Z 0000000180009770 f i Cooking.obj
 0001:000087b0       ?memCopy@intrinsics@physx@@YAPEAXPEAXPEBXI@Z 00000001800097b0 f i Cooking.obj
 0001:000087e0       ?outputSegment@RenderOutput@Cm@physx@@QEAAXAEBVPxVec3@3@0@Z 00000001800097e0 f i Cooking.obj
 0001:00008860       ?preExportDataReset@ConvexMesh@Gu@physx@@QEAAXXZ 0000000180009860 f i Cooking.obj
 0001:00008880       ?preExportDataReset@HeightField@Gu@physx@@QEAAXXZ 0000000180009880 f i Cooking.obj
 0001:000088a0       ?preExportDataReset@RefCountable@Cm@physx@@QEAAXXZ 00000001800098a0 f i Cooking.obj
 0001:000088c0       ?recreate@?$Array@UPxDebugLine@physx@@VNamedAllocator@shdfnd@2@@shdfnd@physx@@IEAAXI@Z 00000001800098c0 f i Cooking.obj
 0001:000089e0       ?reserve@?$Array@UPxDebugLine@physx@@VNamedAllocator@shdfnd@2@@shdfnd@physx@@QEAAXI@Z 00000001800099e0 f i Cooking.obj
 0001:00008a10       ?reserveSegments@RenderOutput@Cm@physx@@QEAAPEAUPxDebugLine@3@I@Z 0000000180009a10 f i Cooking.obj
 0001:00008a40       ?size@?$Array@UPxDebugLine@physx@@VNamedAllocator@shdfnd@2@@shdfnd@physx@@QEBAIXZ 0000000180009a40 f i Cooking.obj
 0001:00008a50       ?tessFlag@PxHeightFieldSample@physx@@QEBAEXZ 0000000180009a50 f i Cooking.obj
 0001:00008a90       ??0ReducedVertexCloud@physx@@QEAA@PEBVPxVec3@1@I@Z 0000000180009a90 f   CookingUtils.obj
 0001:00008af0       ??1ReducedVertexCloud@physx@@QEAA@XZ 0000000180009af0 f   CookingUtils.obj
 0001:00008b10       ?Clean@ReducedVertexCloud@physx@@QEAAAEAV12@XZ 0000000180009b10 f   CookingUtils.obj
 0001:00008b80       ?Reduce@ReducedVertexCloud@physx@@QEAA_NPEAUREDUCEDCLOUD@2@@Z 0000000180009b80 f   CookingUtils.obj
 0001:00009080       ??$?_UM@@YAPEAX_KV?$ReflectionAllocator@M@shdfnd@physx@@PEBDH@Z 000000018000a080 f i CookingUtils.obj
 0001:000090c0       ??0?$ReflectionAllocator@M@shdfnd@physx@@QEAA@PEBD@Z 000000018000a0c0 f i CookingUtils.obj
 0001:000090d0       ?allocate@?$ReflectionAllocator@M@shdfnd@physx@@QEAAPEAX_KPEBDH@Z 000000018000a0d0 f i CookingUtils.obj
 0001:00009150       ?getName@?$ReflectionAllocator@M@shdfnd@physx@@CAPEBDXZ 000000018000a150 f i CookingUtils.obj
 0001:00009190       ??0EdgeList@Gu@physx@@QEAA@XZ 000000018000a190 f   EdgeList.obj
 0001:000091e0       ??1EdgeList@Gu@physx@@QEAA@XZ 000000018000a1e0 f   EdgeList.obj
 0001:000092a0       ?load@EdgeList@Gu@physx@@QEAA_NAEAVPxInputStream@3@@Z 000000018000a2a0 f   EdgeList.obj
 0001:000095d0       ??0EdgeListBuilder@Gu@physx@@QEAA@XZ 000000018000a5d0 f   EdgeList.obj
 0001:00009600       ??1EdgeListBuilder@Gu@physx@@QEAA@XZ 000000018000a600 f   EdgeList.obj
 0001:00009620       ?init@EdgeListBuilder@Gu@physx@@QEAA_NAEBUEDGELISTCREATE@23@@Z 000000018000a620 f   EdgeList.obj
 0001:00009800       ?createFacesToEdges@EdgeListBuilder@Gu@physx@@AEAA_NIPEBIPEBG@Z 000000018000a800 f   EdgeList.obj
 0001:00009fd0       ?createEdgesToFaces@EdgeListBuilder@Gu@physx@@AEAA_NIPEBIPEBG@Z 000000018000afd0 f   EdgeList.obj
 0001:0000a570       ?computeActiveEdges@EdgeListBuilder@Gu@physx@@AEAA_NIPEBIPEBGPEBVPxVec3@3@M@Z 000000018000b570 f   EdgeList.obj
 0001:0000c060       ??$?_UUEdgeData@Gu@physx@@@@YAPEAX_KV?$ReflectionAllocator@UEdgeData@Gu@physx@@@shdfnd@physx@@PEBDH@Z 000000018000d060 f i EdgeList.obj
 0001:0000c0a0       ??$?_UUEdgeTriangleData@Gu@physx@@@@YAPEAX_KV?$ReflectionAllocator@UEdgeTriangleData@Gu@physx@@@shdfnd@physx@@PEBDH@Z 000000018000d0a0 f i EdgeList.obj
 0001:0000c0e0       ??0?$ReflectionAllocator@UEdgeData@Gu@physx@@@shdfnd@physx@@QEAA@PEBD@Z 000000018000d0e0 f i EdgeList.obj
 0001:0000c0f0       ??0?$ReflectionAllocator@UEdgeTriangleData@Gu@physx@@@shdfnd@physx@@QEAA@PEBD@Z 000000018000d0f0 f i EdgeList.obj
 0001:0000c100       ??0PxPlane@physx@@QEAA@AEBVPxVec3@1@00@Z 000000018000d100 f i EdgeList.obj
 0001:0000c1c0       ??0PxTriangle@physx@@QEAA@AEBVPxVec3@1@00@Z 000000018000d1c0 f i EdgeList.obj
 0001:0000c270       ??1PxTriangle@physx@@QEAA@XZ 000000018000d270 f i EdgeList.obj
 0001:0000c280       ??DPxVec3@physx@@QEBA?AV01@M@Z 000000018000d280 f i EdgeList.obj
 0001:0000c2f0       ??GPxVec3@physx@@QEBA?AV01@AEBV01@@Z 000000018000d2f0 f i EdgeList.obj
 0001:0000c370       ??_0PxVec3@physx@@QEAAAEAV01@M@Z 000000018000d370 f i EdgeList.obj
 0001:0000c3f0       ?PxAtan2@physx@@YAMMM@Z    000000018000d3f0 f i EdgeList.obj
 0001:0000c420       ?PxRecipSqrt@physx@@YAMM@Z 000000018000d420 f i EdgeList.obj
 0001:0000c440       ?PxSqrt@physx@@YAMM@Z      000000018000d440 f i EdgeList.obj
 0001:0000c460       ?allocate@?$ReflectionAllocator@UEdgeData@Gu@physx@@@shdfnd@physx@@QEAAPEAX_KPEBDH@Z 000000018000d460 f i EdgeList.obj
 0001:0000c4e0       ?allocate@?$ReflectionAllocator@UEdgeTriangleData@Gu@physx@@@shdfnd@physx@@QEAAPEAX_KPEBDH@Z 000000018000d4e0 f i EdgeList.obj
 0001:0000c560       ?angle@shdfnd@physx@@YAMAEBVPxVec3@2@0@Z 000000018000d560 f i EdgeList.obj
 0001:0000c5c0       ?cross@PxVec3@physx@@QEBA?AV12@AEBV12@@Z 000000018000d5c0 f i EdgeList.obj
 0001:0000c680       ?distance@PxPlane@physx@@QEBAMAEBVPxVec3@2@@Z 000000018000d680 f i EdgeList.obj
 0001:0000c6b0       ?dot@PxVec3@physx@@QEBAMAEBV12@@Z 000000018000d6b0 f i EdgeList.obj
 0001:0000c700       ?getEdgeToTriangles@EdgeList@Gu@physx@@QEBAPEBUEdgeDescData@23@XZ 000000018000d700 f i EdgeList.obj
 0001:0000c710       ?getEdges@EdgeList@Gu@physx@@QEBAPEBUEdgeData@23@XZ 000000018000d710 f i EdgeList.obj
 0001:0000c720       ?getFacesByEdges@EdgeList@Gu@physx@@QEBAPEBIXZ 000000018000d720 f i EdgeList.obj
 0001:0000c730       ?getName@?$ReflectionAllocator@UEdgeData@Gu@physx@@@shdfnd@physx@@CAPEBDXZ 000000018000d730 f i EdgeList.obj
 0001:0000c770       ?getName@?$ReflectionAllocator@UEdgeTriangleData@Gu@physx@@@shdfnd@physx@@CAPEBDXZ 000000018000d770 f i EdgeList.obj
 0001:0000c7b0       ?getNbEdges@EdgeList@Gu@physx@@QEBAIXZ 000000018000d7b0 f i EdgeList.obj
 0001:0000c7c0       ?getNormalized@PxVec3@physx@@QEBA?AV12@XZ 000000018000d7c0 f i EdgeList.obj
 0001:0000c850       ?magnitude@PxVec3@physx@@QEBAMXZ 000000018000d850 f i EdgeList.obj
 0001:0000c870       ?magnitudeSquared@PxVec3@physx@@QEBAMXZ 000000018000d870 f i EdgeList.obj
 0001:0000c8c0       ?normal@PxTriangle@physx@@QEBAXAEAVPxVec3@2@@Z 000000018000d8c0 f i EdgeList.obj
 0001:0000c980       ?normalize@PxVec3@physx@@QEAAMXZ 000000018000d980 f i EdgeList.obj
 0001:0000c9d0       ?recipSqrt@intrinsics@physx@@YAMM@Z 000000018000d9d0 f i EdgeList.obj
 0001:0000ca00       ?sqrt@intrinsics@physx@@YAMM@Z 000000018000da00 f i EdgeList.obj
 0001:0000ca20       fabsf                      000000018000da20 f i EdgeList.obj
 0001:0000ca40       ??0MeshCleaner@physx@@QEAA@IPEBVPxVec3@1@IPEBIM@Z 000000018000da40 f   MeshCleaner.obj
 0001:0000d710       ??1MeshCleaner@physx@@QEAA@XZ 000000018000e710 f   MeshCleaner.obj
 0001:0000da20       ??9Indices@@QEBA_NAEBU0@@Z 000000018000ea20 f i MeshCleaner.obj
 0001:0000dac0       ??9PxVec3@physx@@QEBA_NAEBV01@@Z 000000018000eac0 f i MeshCleaner.obj
 0001:0000db30       ?PxFloor@physx@@YAMM@Z     000000018000eb30 f i MeshCleaner.obj
 0001:0000db50       ?nextPowerOfTwo@shdfnd@physx@@YAII@Z 000000018000eb50 f i MeshCleaner.obj
 0001:0000dbc0       ?createQuantizer@physx@@YAPEAVQuantizer@1@XZ 000000018000ebc0 f   Quantizer.obj
 0001:0000dc40       ?kmeans_cluster3d@@YAIPEBVPxVec3@physx@@IIPEAV12@PEAIMM@Z 000000018000ec40 f   Quantizer.obj
 0001:0000dca0       ??$?2V?$ReflectionAllocator@VQuantizerImpl@@@shdfnd@physx@@@UserAllocated@shdfnd@physx@@SAPEAX_KV?$ReflectionAllocator@VQuantizerImpl@@@12@PEBDH@Z 000000018000eca0 f i Quantizer.obj
 0001:0000dce0       ??$PX_UNUSED@W4PxZERO@physx@@@@YAXAEBW4PxZERO@physx@@@Z 000000018000ece0 f i Quantizer.obj
 0001:0000dcf0       ??$PxMax@M@physx@@YAMMM@Z  000000018000ecf0 f i Quantizer.obj
 0001:0000dd20       ??$PxMin@M@physx@@YAMMM@Z  000000018000ed20 f i Quantizer.obj
 0001:0000dd50       ??$kmeans_cluster@VPxVec3@physx@@M@@YAIPEBVPxVec3@physx@@IIPEAV01@PEAIMM@Z 000000018000ed50 f i Quantizer.obj
 0001:0000e4b0       ??0?$Array@VPxVec3@physx@@VNamedAllocator@shdfnd@2@@shdfnd@physx@@QEAA@AEBVNamedAllocator@12@@Z 000000018000f4b0 f i Quantizer.obj
 0001:0000e500       ??0?$ReflectionAllocator@VQuantizerImpl@@@shdfnd@physx@@QEAA@PEBD@Z 000000018000f500 f i Quantizer.obj
 0001:0000e510       ??0PxBounds3@physx@@QEAA@XZ 000000018000f510 f i Quantizer.obj
 0001:0000e550       ??0PxVec3@physx@@QEAA@W4PxZERO@1@@Z 000000018000f550 f i Quantizer.obj
 0001:0000e5a0       ??0Quantizer@physx@@QEAA@XZ 000000018000f5a0 f i Quantizer.obj
 0001:0000e5c0       ??0QuantizerImpl@@QEAA@XZ  000000018000f5c0 f i Quantizer.obj
 0001:0000e6c0       ??1?$Array@VPxVec3@physx@@VNamedAllocator@shdfnd@2@@shdfnd@physx@@QEAA@XZ 000000018000f6c0 f i Quantizer.obj
 0001:0000e730       ??1Quantizer@physx@@MEAA@XZ 000000018000f730 f i Quantizer.obj
 0001:0000e750       ??1QuantizerImpl@@EEAA@XZ  000000018000f750 f i Quantizer.obj
 0001:0000e7a0       ??A?$Array@VPxVec3@physx@@VNamedAllocator@shdfnd@2@@shdfnd@physx@@QEAAAEAVPxVec3@2@I@Z 000000018000f7a0 f i Quantizer.obj
 0001:0000e820       ??APxVec3@physx@@QEAAAEAMI@Z 000000018000f820 f i Quantizer.obj
 0001:0000e870       ??HPxVec3@physx@@QEBA?AV01@AEBV01@@Z 000000018000f870 f i Quantizer.obj
 0001:0000e8f0       ??XPxVec3@physx@@QEAAAEAV01@M@Z 000000018000f8f0 f i Quantizer.obj
 0001:0000e950       ??YPxVec3@physx@@QEAAAEAV01@AEBV01@@Z 000000018000f950 f i Quantizer.obj
 0001:0000e9c0       ??_EQuantizer@physx@@MEAAPEAXI@Z 000000018000f9c0 f i Quantizer.obj
 0001:0000e9c0       ??_GQuantizer@physx@@MEAAPEAXI@Z 000000018000f9c0 f i Quantizer.obj
 0001:0000ea00       ??_EQuantizerImpl@@EEAAPEAXI@Z 000000018000fa00 f i Quantizer.obj
 0001:0000ea00       ??_GQuantizerImpl@@EEAAPEAXI@Z 000000018000fa00 f i Quantizer.obj
 0001:0000ea60       ?PxAbs@physx@@YAMM@Z       000000018000fa60 f i Quantizer.obj
 0001:0000ea80       ?PxIsFinite@physx@@YA_NM@Z 000000018000fa80 f i Quantizer.obj
 0001:0000eaa0       ?abs@intrinsics@physx@@YAMM@Z 000000018000faa0 f i Quantizer.obj
 0001:0000eac0       ?allocate@?$Array@VPxVec3@physx@@VNamedAllocator@shdfnd@2@@shdfnd@physx@@IEAAPEAVPxVec3@3@I@Z 000000018000fac0 f i Quantizer.obj
 0001:0000eb50       ?allocate@?$ReflectionAllocator@VQuantizerImpl@@@shdfnd@physx@@QEAAPEAX_KPEBDH@Z 000000018000fb50 f i Quantizer.obj
 0001:0000ebd0       ?capacity@?$Array@VPxVec3@physx@@VNamedAllocator@shdfnd@2@@shdfnd@physx@@QEBAIXZ 000000018000fbd0 f i Quantizer.obj
 0001:0000ebf0       ?capacityIncrement@?$Array@VPxVec3@physx@@VNamedAllocator@shdfnd@2@@shdfnd@physx@@IEBAIXZ 000000018000fbf0 f i Quantizer.obj
 0001:0000ec30       ?clear@?$Array@VPxVec3@physx@@VNamedAllocator@shdfnd@2@@shdfnd@physx@@QEAAXXZ 000000018000fc30 f i Quantizer.obj
 0001:0000ec70       ?copy@?$Array@VPxVec3@physx@@VNamedAllocator@shdfnd@2@@shdfnd@physx@@KAXPEAVPxVec3@3@0PEBV43@@Z 000000018000fc70 f i Quantizer.obj
 0001:0000ecf0       ?deallocate@?$Array@VPxVec3@physx@@VNamedAllocator@shdfnd@2@@shdfnd@physx@@IEAAXPEAX@Z 000000018000fcf0 f i Quantizer.obj
 0001:0000ed20       ?destroy@?$Array@VPxVec3@physx@@VNamedAllocator@shdfnd@2@@shdfnd@physx@@KAXPEAVPxVec3@3@0@Z 000000018000fd20 f i Quantizer.obj
 0001:0000ed50       ?getCenter@PxBounds3@physx@@QEBA?AVPxVec3@2@XZ 000000018000fd50 f i Quantizer.obj
 0001:0000edd0       ?getDenormalizeCenter@QuantizerImpl@@UEBAAEBVPxVec3@physx@@XZ 000000018000fdd0 f i Quantizer.obj
 0001:0000ede0       ?getDenormalizeScale@QuantizerImpl@@UEBAAEBVPxVec3@physx@@XZ 000000018000fde0 f i Quantizer.obj
 0001:0000edf0       ?getDimensions@PxBounds3@physx@@QEBA?AVPxVec3@2@XZ 000000018000fdf0 f i Quantizer.obj
 0001:0000ee50       ?getName@?$ReflectionAllocator@VQuantizerImpl@@@shdfnd@physx@@CAPEBDXZ 000000018000fe50 f i Quantizer.obj
 0001:0000ee90       ?growAndPushBack@?$Array@VPxVec3@physx@@VNamedAllocator@shdfnd@2@@shdfnd@physx@@IEAAAEAVPxVec3@3@AEBV43@@Z 000000018000fe90 f i Quantizer.obj
 0001:0000f020       ?include@PxBounds3@physx@@QEAAXAEBVPxVec3@2@@Z 0000000180010020 f i Quantizer.obj
 0001:0000f0b0       ?isFinite@PxBounds3@physx@@QEBA_NXZ 00000001800100b0 f i Quantizer.obj
 0001:0000f110       ?isFinite@PxVec3@physx@@QEBA_NXZ 0000000180010110 f i Quantizer.obj
 0001:0000f180       ?isFinite@intrinsics@physx@@YA_NM@Z 0000000180010180 f i Quantizer.obj
 0001:0000f1c0       ?isInUserMemory@?$Array@VPxVec3@physx@@VNamedAllocator@shdfnd@2@@shdfnd@physx@@QEBAIXZ 00000001800101c0 f i Quantizer.obj
 0001:0000f1e0       ?isValid@PxBounds3@physx@@QEBA_NXZ 00000001800101e0 f i Quantizer.obj
 0001:0000f2d0       ?kmeansQuantize3D@QuantizerImpl@@UEAAPEBVPxVec3@physx@@IPEBV23@I_NIAEAI@Z 00000001800102d0 f i Quantizer.obj
 0001:0000f600       ?maximum@PxVec3@physx@@QEBA?AV12@AEBV12@@Z 0000000180010600 f i Quantizer.obj
 0001:0000f6a0       ?minimum@PxVec3@physx@@QEBA?AV12@AEBV12@@Z 00000001800106a0 f i Quantizer.obj
 0001:0000f740       ?multiply@PxVec3@physx@@QEBA?AV12@AEBV12@@Z 0000000180010740 f i Quantizer.obj
 0001:0000f7c0       ?normalizeInput@QuantizerImpl@@AEAAXIPEBVPxVec3@physx@@I@Z 00000001800107c0 f i Quantizer.obj
 0001:0000fa60       ?pushBack@?$Array@VPxVec3@physx@@VNamedAllocator@shdfnd@2@@shdfnd@physx@@QEAAAEAVPxVec3@3@AEBV43@@Z 0000000180010a60 f i Quantizer.obj
 0001:0000fb00       ?release@QuantizerImpl@@UEAAXXZ 0000000180010b00 f i Quantizer.obj
 0001:0000fb50       ?selectMax@intrinsics@physx@@YAMMM@Z 0000000180010b50 f i Quantizer.obj
 0001:0000fb90       ?selectMin@intrinsics@physx@@YAMMM@Z 0000000180010b90 f i Quantizer.obj
 0001:0000fbd0       ?setEmpty@PxBounds3@physx@@QEAAXXZ 0000000180010bd0 f i Quantizer.obj
 0001:0000fc20       ??0BVHStructureBuilder@physx@@QEAA@XZ 0000000180010c20 f   BVHStructureBuilder.obj
 0001:0000fc70       ??1BVHStructureBuilder@physx@@QEAA@XZ 0000000180010c70 f   BVHStructureBuilder.obj
 0001:0000fd00       ?loadFromDesc@BVHStructureBuilder@physx@@QEAA_NAEBVPxBVHStructureDesc@2@@Z 0000000180010d00 f   BVHStructureBuilder.obj
 0001:00010040       ?save@BVHStructureBuilder@physx@@QEBA_NAEAVPxOutputStream@2@_N@Z 0000000180011040 f   BVHStructureBuilder.obj
 0001:00010240       ?moveData@BVHStructureBuilder@physx@@QEAAXAEAUBVHStructureData@Gu@2@@Z 0000000180011240 f   BVHStructureBuilder.obj
 0001:000102f0       ?flatten@@YAXAEBVNodeAllocator@Gu@physx@@PEAUBVHNode@23@@Z 00000001800112f0 f   BVHStructureBuilder.obj
 0001:00010690       ??$?4VNamedAllocator@shdfnd@physx@@@?$Array@USlab@NodeAllocator@Gu@physx@@VNamedAllocator@shdfnd@4@@shdfnd@physx@@QEAAAEAV012@AEBV012@@Z 0000000180011690 f i BVHStructureBuilder.obj
 0001:00010720       ??$PX_UNUSED@_N@@YAXAEB_N@Z 0000000180011720 f i BVHStructureBuilder.obj
 0001:00010730       ??$copy@VNamedAllocator@shdfnd@physx@@@?$Array@USlab@NodeAllocator@Gu@physx@@VNamedAllocator@shdfnd@4@@shdfnd@physx@@IEAAXAEBV012@@Z 0000000180011730 f i BVHStructureBuilder.obj
 0001:000107f0       ??0?$Array@USlab@NodeAllocator@Gu@physx@@VNamedAllocator@shdfnd@4@@shdfnd@physx@@QEAA@AEBV012@AEBVNamedAllocator@12@@Z 00000001800117f0 f i BVHStructureBuilder.obj
 0001:00010830       ??0AABBTreeBuildNode@Gu@physx@@QEAA@AEBV012@@Z 0000000180011830 f i BVHStructureBuilder.obj
 0001:00010890       ??0AABBTreeBuildNode@Gu@physx@@QEAA@XZ 0000000180011890 f i BVHStructureBuilder.obj
 0001:000108b0       ??0AABBTreeBuildParams@Gu@physx@@QEAA@IIPEBVPxBounds3@2@@Z 00000001800118b0 f i BVHStructureBuilder.obj
 0001:00010900       ??0BuildStats@Gu@physx@@QEAA@XZ 0000000180011900 f i BVHStructureBuilder.obj
 0001:00010930       ??0NodeAllocator@Gu@physx@@QEAA@AEBV012@@Z 0000000180011930 f i BVHStructureBuilder.obj
 0001:000109c0       ??0PxBounds3@physx@@QEAA@AEBV01@@Z 00000001800119c0 f i BVHStructureBuilder.obj
 0001:00010a10       ??0PxVec4@physx@@QEAA@XZ   0000000180011a10 f i BVHStructureBuilder.obj
 0001:00010a20       ??1AABBTreeBuildNode@Gu@physx@@QEAA@XZ 0000000180011a20 f i BVHStructureBuilder.obj
 0001:00010a30       ??1AABBTreeBuildParams@Gu@physx@@QEAA@XZ 0000000180011a30 f i BVHStructureBuilder.obj
 0001:00010a50       ??4?$Array@USlab@NodeAllocator@Gu@physx@@VNamedAllocator@shdfnd@4@@shdfnd@physx@@QEAAAEAV012@AEBV012@@Z 0000000180011a50 f i BVHStructureBuilder.obj
 0001:00010a80       ??4AABBTreeBuildNode@Gu@physx@@QEAAAEAV012@AEBV012@@Z 0000000180011a80 f i BVHStructureBuilder.obj
 0001:00010ae0       ??4AABBTreeBuildParams@Gu@physx@@QEAAAEAV012@AEBV012@@Z 0000000180011ae0 f i BVHStructureBuilder.obj
 0001:00010b10       ??4BuildStats@Gu@physx@@QEAAAEAU012@$$QEAU012@@Z 0000000180011b10 f i BVHStructureBuilder.obj
 0001:00010b40       ??4BuildStats@Gu@physx@@QEAAAEAU012@AEBU012@@Z 0000000180011b40 f i BVHStructureBuilder.obj
 0001:00010b60       ??4NodeAllocator@Gu@physx@@QEAAAEAV012@AEBV012@@Z 0000000180011b60 f i BVHStructureBuilder.obj
 0001:00010bd0       ??4PxBounds3@physx@@QEAAAEAV01@AEBV01@@Z 0000000180011bd0 f i BVHStructureBuilder.obj
 0001:00010c20       ??A?$Array@USlab@NodeAllocator@Gu@physx@@VNamedAllocator@shdfnd@4@@shdfnd@physx@@QEBAAEBUSlab@NodeAllocator@Gu@2@I@Z 0000000180011c20 f i BVHStructureBuilder.obj
 0001:00010ca0       ??_FAABBTreeBuildParams@Gu@physx@@QEAAXXZ 0000000180011ca0 f i BVHStructureBuilder.obj
 0001:00010cd0       ?V4Add@aos@shdfnd@physx@@YA?AT__m128@@T4@0@Z 0000000180011cd0 f i BVHStructureBuilder.obj
 0001:00010d00       ?V4LoadU@aos@shdfnd@physx@@YA?AT__m128@@QEBM@Z 0000000180011d00 f i BVHStructureBuilder.obj
 0001:00010d20       ?V4Scale@aos@shdfnd@physx@@YA?AT__m128@@T4@0@Z 0000000180011d20 f i BVHStructureBuilder.obj
 0001:00010d50       ?V4StoreA@aos@shdfnd@physx@@YAXT__m128@@PEAM@Z 0000000180011d50 f i BVHStructureBuilder.obj
 0001:00010dd0       ?V4StoreU@aos@shdfnd@physx@@YAXT__m128@@PEAM@Z 0000000180011dd0 f i BVHStructureBuilder.obj
 0001:00010df0       ?V4Sub@aos@shdfnd@physx@@YA?AT__m128@@T4@0@Z 0000000180011df0 f i BVHStructureBuilder.obj
 0001:00010e20       ?__global_array_delete@@YAXPEAX@Z 0000000180011e20 f i BVHStructureBuilder.obj
 0001:00010e40       ?__global_array_delete@@YAXPEAX_K@Z 0000000180011e40 f i BVHStructureBuilder.obj
 0001:00010e70       ?__global_delete@@YAXPEAX@Z 0000000180011e70 f i BVHStructureBuilder.obj
 0001:00010e90       ?__global_delete@@YAXPEAX_K@Z 0000000180011e90 f i BVHStructureBuilder.obj
 0001:00010ec0       ?allocate@?$Array@USlab@NodeAllocator@Gu@physx@@VNamedAllocator@shdfnd@4@@shdfnd@physx@@IEAAPEAUSlab@NodeAllocator@Gu@3@I@Z 0000000180011ec0 f i BVHStructureBuilder.obj
 0001:00010f50       ?begin@?$Array@USlab@NodeAllocator@Gu@physx@@VNamedAllocator@shdfnd@4@@shdfnd@physx@@QEBAPEBUSlab@NodeAllocator@Gu@3@XZ 0000000180011f50 f i BVHStructureBuilder.obj
 0001:00010f60       ?capacity@?$Array@USlab@NodeAllocator@Gu@physx@@VNamedAllocator@shdfnd@4@@shdfnd@physx@@QEBAIXZ 0000000180011f60 f i BVHStructureBuilder.obj
 0001:00010f80       ?clear@?$Array@USlab@NodeAllocator@Gu@physx@@VNamedAllocator@shdfnd@4@@shdfnd@physx@@QEAAXXZ 0000000180011f80 f i BVHStructureBuilder.obj
 0001:00010fc0       ?copy@?$Array@USlab@NodeAllocator@Gu@physx@@VNamedAllocator@shdfnd@4@@shdfnd@physx@@KAXPEAUSlab@NodeAllocator@Gu@3@0PEBU4563@@Z 0000000180011fc0 f i BVHStructureBuilder.obj
 0001:00011040       ?deallocate@?$Array@USlab@NodeAllocator@Gu@physx@@VNamedAllocator@shdfnd@4@@shdfnd@physx@@IEAAXPEAX@Z 0000000180012040 f i BVHStructureBuilder.obj
 0001:00011070       ?destroy@?$Array@USlab@NodeAllocator@Gu@physx@@VNamedAllocator@shdfnd@4@@shdfnd@physx@@KAXPEAUSlab@NodeAllocator@Gu@3@0@Z 0000000180012070 f i BVHStructureBuilder.obj
 0001:000110a0       ?empty@?$Array@USlab@NodeAllocator@Gu@physx@@VNamedAllocator@shdfnd@4@@shdfnd@physx@@QEBA_NXZ 00000001800120a0 f i BVHStructureBuilder.obj
 0001:000110d0       ?getAABB@AABBTreeBuildNode@Gu@physx@@QEBAAEBVPxBounds3@3@XZ 00000001800120d0 f i BVHStructureBuilder.obj
 0001:000110e0       ?getCount@BuildStats@Gu@physx@@QEBAIXZ 00000001800120e0 f i BVHStructureBuilder.obj
 0001:000110f0       ?getNbPrimitives@AABBTreeBuildNode@Gu@physx@@QEBAIXZ 00000001800120f0 f i BVHStructureBuilder.obj
 0001:00011100       ?getNbRuntimePrimitives@AABBTreeBuildNode@Gu@physx@@QEBAIXZ 0000000180012100 f i BVHStructureBuilder.obj
 0001:00011110       ?getNeg@AABBTreeBuildNode@Gu@physx@@QEBAPEBV123@XZ 0000000180012110 f i BVHStructureBuilder.obj
 0001:00011150       ?getPos@AABBTreeBuildNode@Gu@physx@@QEBAPEBV123@XZ 0000000180012150 f i BVHStructureBuilder.obj
 0001:00011160       ?getPrimitives@AABBTreeBuildNode@Gu@physx@@QEAAPEAIPEAI@Z 0000000180012160 f i BVHStructureBuilder.obj
 0001:00011180       ?getPrimitives@AABBTreeBuildNode@Gu@physx@@QEBAPEBIPEBI@Z 0000000180012180 f i BVHStructureBuilder.obj
 0001:000111a0       ?grow@?$Array@USlab@NodeAllocator@Gu@physx@@VNamedAllocator@shdfnd@4@@shdfnd@physx@@IEAAXI@Z 00000001800121a0 f i BVHStructureBuilder.obj
 0001:00011220       ?increaseCount@BuildStats@Gu@physx@@QEAAXI@Z 0000000180012220 f i BVHStructureBuilder.obj
 0001:00011240       ?inflateBounds@@YAXAEAVPxBounds3@physx@@AEBV12@@Z 0000000180012240 f i BVHStructureBuilder.obj
 0001:00011430       ?isAligned16@aos@shdfnd@physx@@YA_NPEAX@Z 0000000180012430 f i BVHStructureBuilder.obj
 0001:00011460       ?isInUserMemory@?$Array@USlab@NodeAllocator@Gu@physx@@VNamedAllocator@shdfnd@4@@shdfnd@physx@@QEBAIXZ 0000000180012460 f i BVHStructureBuilder.obj
 0001:00011480       ?isLeaf@AABBTreeBuildNode@Gu@physx@@QEBA_NXZ 0000000180012480 f i BVHStructureBuilder.obj
 0001:000114c0       ?recreate@?$Array@USlab@NodeAllocator@Gu@physx@@VNamedAllocator@shdfnd@4@@shdfnd@physx@@IEAAXI@Z 00000001800124c0 f i BVHStructureBuilder.obj
 0001:000115e0       ?reserve@?$Array@USlab@NodeAllocator@Gu@physx@@VNamedAllocator@shdfnd@4@@shdfnd@physx@@QEAAXI@Z 00000001800125e0 f i BVHStructureBuilder.obj
 0001:00011610       ?reset@AABBTreeBuildParams@Gu@physx@@QEAAXXZ 0000000180012610 f i BVHStructureBuilder.obj
 0001:00011670       ?reset@BuildStats@Gu@physx@@QEAAXXZ 0000000180012670 f i BVHStructureBuilder.obj
 0001:00011690       ?setCount@BuildStats@Gu@physx@@QEAAXI@Z 0000000180012690 f i BVHStructureBuilder.obj
 0001:000116b0       ?setNbRunTimePrimitives@AABBTreeBuildNode@Gu@physx@@QEAAXI@Z 00000001800126b0 f i BVHStructureBuilder.obj
 0001:000116d0       ?size@?$Array@USlab@NodeAllocator@Gu@physx@@VNamedAllocator@shdfnd@4@@shdfnd@physx@@QEBAIXZ 00000001800126d0 f i BVHStructureBuilder.obj
 0001:000116e0       ?saveHeightField@physx@@YA_NAEBVHeightField@Gu@1@AEAVPxOutputStream@1@_N@Z 00000001800126e0 f   HeightFieldCooking.obj
 0001:00011a90       ??APxVec3@physx@@QEBAAEBMI@Z 0000000180012a90 f i HeightFieldCooking.obj
 0001:00011ae0       ??B?$PxFlags@W4Enum@PxHeightFieldFlag@physx@@G@physx@@QEBAGXZ 0000000180012ae0 f i HeightFieldCooking.obj
 0001:00011af0       ?getData@HeightField@Gu@physx@@QEBAAEBUHeightFieldData@23@XZ 0000000180012af0 f i HeightFieldCooking.obj
 0001:00011b00       ?getMax@CenterExtents@Gu@physx@@QEBAMI@Z 0000000180012b00 f i HeightFieldCooking.obj
 0001:00011b50       ?getMin@CenterExtents@Gu@physx@@QEBAMI@Z 0000000180012b50 f i HeightFieldCooking.obj
 0001:00011ba0       ?buildFromTriangles@RTreeCooker@physx@@SAXAEAURTree@Gu@2@PEBVPxVec3@2@IPEBGPEBIIAEAV?$Array@IVNamedAllocator@shdfnd@physx@@@shdfnd@2@PEAURemapCallback@12@MW4Enum@PxMeshCookingHint@2@@Z 0000000180012ba0 f   RTreeCooking.obj
 0001:000133e0       ??$PX_UNUSED@I@@YAXAEBI@Z  00000001800143e0 f i RTreeCooking.obj
 0001:000133f0       ??$PX_UNUSED@M@@YAXAEBM@Z  00000001800143f0 f i RTreeCooking.obj
 0001:00013400       ??$PX_UNUSED@PEAURTreeNodeNQ@physx@@@@YAXAEBQEAURTreeNodeNQ@physx@@@Z 0000000180014400 f i RTreeCooking.obj
 0001:00013410       ??$PX_UNUSED@URTreeNodeNQ@physx@@@@YAXAEBURTreeNodeNQ@physx@@@Z 0000000180014410 f i RTreeCooking.obj
 0001:00013420       ??$PxMax@H@physx@@YAHHH@Z  0000000180014420 f i RTreeCooking.obj
 0001:00013450       ??$PxMin@I@physx@@YAIII@Z  0000000180014450 f i RTreeCooking.obj
 0001:00013480       ??$median3@I$$CBU?$Less@I@shdfnd@physx@@@internal@shdfnd@physx@@YAXPEAIHHAEBU?$Less@I@12@@Z 0000000180014480 f i RTreeCooking.obj
 0001:000135e0       ??$median3@I$$CBUSortBoundsPredicate@physx@@@internal@shdfnd@physx@@YAXPEAIHHAEBUSortBoundsPredicate@2@@Z 00000001800145e0 f i RTreeCooking.obj
 0001:00013740       ??$partition@I$$CBU?$Less@I@shdfnd@physx@@@internal@shdfnd@physx@@YAHPEAIHHAEBU?$Less@I@12@@Z 0000000180014740 f i RTreeCooking.obj
 0001:00013930       ??$partition@I$$CBUSortBoundsPredicate@physx@@@internal@shdfnd@physx@@YAHPEAIHHAEBUSortBoundsPredicate@2@@Z 0000000180014930 f i RTreeCooking.obj
 0001:00013b20       ??$partition@UBoundsLTE@physx@@@quickSelect@physx@@YAIPEIAIIIIAEBUBoundsLTE@1@@Z 0000000180014b20 f i RTreeCooking.obj
 0001:00013e70       ??$quickSelectFirstK@UBoundsLTE@physx@@@quickSelect@physx@@YAXPEIAIIIIAEBUBoundsLTE@1@@Z 0000000180014e70 f i RTreeCooking.obj
 0001:00013fd0       ??$smallSort@I$$CBU?$Less@I@shdfnd@physx@@@internal@shdfnd@physx@@YAXPEAIHHAEBU?$Less@I@12@@Z 0000000180014fd0 f i RTreeCooking.obj
 0001:000140b0       ??$smallSort@I$$CBUSortBoundsPredicate@physx@@@internal@shdfnd@physx@@YAXPEAIHHAEBUSortBoundsPredicate@2@@Z 00000001800150b0 f i RTreeCooking.obj
 0001:00014190       ??$sort@I@shdfnd@physx@@YAXPEAII@Z 0000000180015190 f i RTreeCooking.obj
 0001:000141e0       ??$sort@IU?$Less@I@shdfnd@physx@@VNamedAllocator@23@@shdfnd@physx@@YAXPEAIIAEBU?$Less@I@01@AEBVNamedAllocator@01@I@Z 00000001800151e0 f i RTreeCooking.obj
 0001:000144d0       ??$sort@IUSortBoundsPredicate@physx@@@shdfnd@physx@@YAXPEAIIAEBUSortBoundsPredicate@1@@Z 00000001800154d0 f i RTreeCooking.obj
 0001:00014520       ??$sort@IUSortBoundsPredicate@physx@@VNamedAllocator@shdfnd@2@@shdfnd@physx@@YAXPEAIIAEBUSortBoundsPredicate@1@AEBVNamedAllocator@01@I@Z 0000000180015520 f i RTreeCooking.obj
 0001:00014810       ??0?$AlignedAllocator@$0IA@VNonTrackingAllocator@shdfnd@physx@@@shdfnd@physx@@QEAA@AEBVNonTrackingAllocator@12@@Z 0000000180015810 f i RTreeCooking.obj
 0001:00014820       ??0?$Array@IVNamedAllocator@shdfnd@physx@@@shdfnd@physx@@QEAA@IAEBIAEBVNamedAllocator@12@@Z 0000000180015820 f i RTreeCooking.obj
 0001:00014890       ??0?$Array@UInterval@physx@@V?$InlineAllocator@$0CAAA@VNamedAllocator@shdfnd@physx@@@shdfnd@2@@shdfnd@physx@@QEAA@AEBV?$InlineAllocator@$0CAAA@VNamedAllocator@shdfnd@physx@@@12@@Z 0000000180015890 f i RTreeCooking.obj
 0001:000148f0       ??0?$Array@UPxBounds3V@physx@@VNamedAllocator@shdfnd@2@@shdfnd@physx@@QEAA@AEBVNamedAllocator@12@@Z 00000001800158f0 f i RTreeCooking.obj
 0001:00014940       ??0?$Array@URTreeNodeNQ@physx@@VNamedAllocator@shdfnd@2@@shdfnd@physx@@QEAA@AEBVNamedAllocator@12@@Z 0000000180015940 f i RTreeCooking.obj
 0001:00014990       ??0?$Array@URTreeNodeQ@Gu@physx@@VNamedAllocator@shdfnd@3@@shdfnd@physx@@QEAA@AEBVNamedAllocator@12@@Z 0000000180015990 f i RTreeCooking.obj
 0001:000149e0       ??0?$InlineAllocator@$0CAAA@VNamedAllocator@shdfnd@physx@@@shdfnd@physx@@QEAA@AEBV012@@Z 00000001800159e0 f i RTreeCooking.obj
 0001:00014a20       ??0?$InlineAllocator@$0CAAA@VNamedAllocator@shdfnd@physx@@@shdfnd@physx@@QEAA@AEBVNamedAllocator@12@@Z 0000000180015a20 f i RTreeCooking.obj
 0001:00014a60       ??0?$InlineArray@UInterval@physx@@$0EAA@VNamedAllocator@shdfnd@2@@shdfnd@physx@@QEAA@AEBVNamedAllocator@12@@Z 0000000180015a60 f i RTreeCooking.obj
 0001:00014af0       ??0?$ScopedPointer@HVTempAllocator@shdfnd@physx@@@shdfnd@physx@@QEAA@XZ 0000000180015af0 f i RTreeCooking.obj
 0001:00014b10       ??0?$Stack@VNamedAllocator@shdfnd@physx@@@internal@shdfnd@physx@@QEAA@PEAHIAEBVNamedAllocator@23@@Z 0000000180015b10 f i RTreeCooking.obj
 0001:00014b80       ??0BoundsLTE@physx@@QEAA@IPEBVPxVec3@1@@Z 0000000180015b80 f i RTreeCooking.obj
 0001:00014bb0       ??0Interval@physx@@QEAA@II@Z 0000000180015bb0 f i RTreeCooking.obj
 0001:00014be0       ??0PxBounds3@physx@@QEAA@AEBVPxVec3@1@0@Z 0000000180015be0 f i RTreeCooking.obj
 0001:00014c30       ??0PxBounds3V@physx@@QEAA@AEAT__m128@@0@Z 0000000180015c30 f i RTreeCooking.obj
 0001:00014c70       ??0PxBounds3V@physx@@QEAA@UU@01@@Z 0000000180015c70 f i RTreeCooking.obj
 0001:00014c80       ??0PxVec4@physx@@QEAA@AEBVPxVec3@1@M@Z 0000000180015c80 f i RTreeCooking.obj
 0001:00014ce0       ??0PxVec4@physx@@QEAA@M@Z  0000000180015ce0 f i RTreeCooking.obj
 0001:00014d30       ??0RTreeNodeNQ@physx@@QEAA@AEBU01@@Z 0000000180015d30 f i RTreeCooking.obj
 0001:00014d80       ??0RTreeNodeNQ@physx@@QEAA@XZ 0000000180015d80 f i RTreeCooking.obj
 0001:00014dc0       ??0SortBoundsPredicate@physx@@QEAA@IPEBUPxBounds3V@1@@Z 0000000180015dc0 f i RTreeCooking.obj
 0001:00014df0       ??0SubSortQuick@physx@@QEAA@PEAIPEBUPxBounds3V@1@IM@Z 0000000180015df0 f i RTreeCooking.obj
 0001:00014f60       ??0SubSortSAH@physx@@QEAA@PEAIPEBUPxBounds3V@1@IPEBI22222M@Z 0000000180015f60 f i RTreeCooking.obj
 0001:00015180       ??0TempAllocator@shdfnd@physx@@QEAA@PEBD@Z 0000000180016180 f i RTreeCooking.obj
 0001:00015190       ??1?$Array@IVNamedAllocator@shdfnd@physx@@@shdfnd@physx@@QEAA@XZ 0000000180016190 f i RTreeCooking.obj
 0001:00015200       ??1?$Array@UInterval@physx@@V?$InlineAllocator@$0CAAA@VNamedAllocator@shdfnd@physx@@@shdfnd@2@@shdfnd@physx@@QEAA@XZ 0000000180016200 f i RTreeCooking.obj
 0001:00015280       ??1?$Array@UPxBounds3V@physx@@VNamedAllocator@shdfnd@2@@shdfnd@physx@@QEAA@XZ 0000000180016280 f i RTreeCooking.obj
 0001:000152f0       ??1?$Array@URTreeNodeNQ@physx@@VNamedAllocator@shdfnd@2@@shdfnd@physx@@QEAA@XZ 00000001800162f0 f i RTreeCooking.obj
 0001:00015360       ??1?$Array@URTreeNodeQ@Gu@physx@@VNamedAllocator@shdfnd@3@@shdfnd@physx@@QEAA@XZ 0000000180016360 f i RTreeCooking.obj
 0001:000153d0       ??1?$InlineAllocator@$0CAAA@VNamedAllocator@shdfnd@physx@@@shdfnd@physx@@QEAA@XZ 00000001800163d0 f i RTreeCooking.obj
 0001:000153f0       ??1?$InlineArray@UInterval@physx@@$0EAA@VNamedAllocator@shdfnd@2@@shdfnd@physx@@QEAA@XZ 00000001800163f0 f i RTreeCooking.obj
 0001:00015410       ??1?$ScopedPointer@HVTempAllocator@shdfnd@physx@@@shdfnd@physx@@QEAA@XZ 0000000180016410 f i RTreeCooking.obj
 0001:00015440       ??1?$Stack@VNamedAllocator@shdfnd@physx@@@internal@shdfnd@physx@@QEAA@XZ 0000000180016440 f i RTreeCooking.obj
 0001:00015480       ??1SubSortQuick@physx@@QEAA@XZ 0000000180016480 f i RTreeCooking.obj
 0001:000154a0       ??1SubSortSAH@physx@@QEAA@XZ 00000001800164a0 f i RTreeCooking.obj
 0001:00015560       ??4PxVec4@physx@@QEAAAEAV01@AEBV01@@Z 0000000180016560 f i RTreeCooking.obj
 0001:000155c0       ??A?$Array@IVNamedAllocator@shdfnd@physx@@@shdfnd@physx@@QEAAAEAII@Z 00000001800165c0 f i RTreeCooking.obj
 0001:00015640       ??A?$Array@UInterval@physx@@V?$InlineAllocator@$0CAAA@VNamedAllocator@shdfnd@physx@@@shdfnd@2@@shdfnd@physx@@QEAAAEAUInterval@2@I@Z 0000000180016640 f i RTreeCooking.obj
 0001:000156c0       ??A?$Array@URTreeNodeNQ@physx@@VNamedAllocator@shdfnd@2@@shdfnd@physx@@QEAAAEAURTreeNodeNQ@2@I@Z 00000001800166c0 f i RTreeCooking.obj
 0001:00015740       ??A?$Array@URTreeNodeQ@Gu@physx@@VNamedAllocator@shdfnd@3@@shdfnd@physx@@QEAAAEAURTreeNodeQ@Gu@2@I@Z 0000000180016740 f i RTreeCooking.obj
 0001:000157c0       ??B?$ScopedPointer@HVTempAllocator@shdfnd@physx@@@shdfnd@physx@@QEBAPEAHXZ 00000001800167c0 f i RTreeCooking.obj
 0001:000157d0       ??GPxVec4@physx@@QEBA?AV01@AEBV01@@Z 00000001800167d0 f i RTreeCooking.obj
 0001:00015860       ??KPxVec4@physx@@QEBA?AV01@M@Z 0000000180016860 f i RTreeCooking.obj
 0001:00015900       ??R?$Less@I@shdfnd@physx@@QEBA_NAEBI0@Z 0000000180016900 f i RTreeCooking.obj
 0001:00015940       ??RBoundsLTE@physx@@QEBA_NAEBI0@Z 0000000180016940 f i RTreeCooking.obj
 0001:000159e0       ??RSortBoundsPredicate@physx@@QEBA_NAEBI0@Z 00000001800169e0 f i RTreeCooking.obj
 0001:00015b10       ?FMax@aos@shdfnd@physx@@YA?AT__m128@@XZ 0000000180016b10 f i RTreeCooking.obj
 0001:00015b30       ?FNegMax@aos@shdfnd@physx@@YA?AT__m128@@XZ 0000000180016b30 f i RTreeCooking.obj
 0001:00015b50       ?FStore@aos@shdfnd@physx@@YAXT__m128@@PEIAM@Z 0000000180016b50 f i RTreeCooking.obj
 0001:00015be0       ?PxAbs@physx@@YAHH@Z       0000000180016be0 f i RTreeCooking.obj
 0001:00015c00       ?V3Add@aos@shdfnd@physx@@YA?AT__m128@@T4@0@Z 0000000180016c00 f i RTreeCooking.obj
 0001:00015d10       ?V3Dot@aos@shdfnd@physx@@YA?AT__m128@@T4@0@Z 0000000180016d10 f i RTreeCooking.obj
 0001:00015eb0       ?V3LoadU@aos@shdfnd@physx@@YA?AT__m128@@AEBVPxVec3@3@@Z 0000000180016eb0 f i RTreeCooking.obj
 0001:00015f00       ?V3Max@aos@shdfnd@physx@@YA?AT__m128@@T4@0@Z 0000000180016f00 f i RTreeCooking.obj
 0001:00016010       ?V3Min@aos@shdfnd@physx@@YA?AT__m128@@T4@0@Z 0000000180017010 f i RTreeCooking.obj
 0001:00016120       ?V3PermZXY@aos@shdfnd@physx@@YA?AT__m128@@T4@@Z 0000000180017120 f i RTreeCooking.obj
 0001:000161b0       ?V3ReadXYZ@aos@shdfnd@physx@@YAAEBVPxVec3@3@AEBT__m128@@@Z 00000001800171b0 f i RTreeCooking.obj
 0001:000161c0       ?V3Splat@aos@shdfnd@physx@@YA?AT__m128@@T4@@Z 00000001800171c0 f i RTreeCooking.obj
 0001:000162a0       ?V3StoreA@aos@shdfnd@physx@@YAXT__m128@@AEAVPxVec3@3@@Z 00000001800172a0 f i RTreeCooking.obj
 0001:00016360       ?V3StoreU@aos@shdfnd@physx@@YAXT__m128@@AEAVPxVec3@3@@Z 0000000180017360 f i RTreeCooking.obj
 0001:000163d0       ?V3Sub@aos@shdfnd@physx@@YA?AT__m128@@T4@0@Z 00000001800173d0 f i RTreeCooking.obj
 0001:000164e0       ?V3Zero@aos@shdfnd@physx@@YA?AT__m128@@XZ 00000001800174e0 f i RTreeCooking.obj
 0001:00016500       ?V4ClearW@aos@shdfnd@physx@@YA?AT__m128@@T4@@Z 0000000180017500 f i RTreeCooking.obj
 0001:00016530       ?V4ReadW@aos@shdfnd@physx@@YAMAEBT__m128@@@Z 0000000180017530 f i RTreeCooking.obj
 0001:00016540       ?V4ReadX@aos@shdfnd@physx@@YAMAEBT__m128@@@Z 0000000180017540 f i RTreeCooking.obj
 0001:00016550       ?V4ReadY@aos@shdfnd@physx@@YAMAEBT__m128@@@Z 0000000180017550 f i RTreeCooking.obj
 0001:00016560       ?V4ReadZ@aos@shdfnd@physx@@YAMAEBT__m128@@@Z 0000000180017560 f i RTreeCooking.obj
 0001:00016570       ?Vec3V_From_FloatV@aos@shdfnd@physx@@YA?AT__m128@@T4@@Z 0000000180017570 f i RTreeCooking.obj
 0001:000165c0       ?Vec3V_From_Vec4V@aos@shdfnd@physx@@YA?AT__m128@@T4@@Z 00000001800175c0 f i RTreeCooking.obj
 0001:000165f0       ?Vec4V_From_FloatV@aos@shdfnd@physx@@YA?AT__m128@@T4@@Z 00000001800175f0 f i RTreeCooking.obj
 0001:00016600       ?allocate@?$AlignedAllocator@$0IA@VNonTrackingAllocator@shdfnd@physx@@@shdfnd@physx@@QEAAPEAX_KPEBDH@Z 0000000180017600 f i RTreeCooking.obj
 0001:000166a0       ?allocate@?$Array@IVNamedAllocator@shdfnd@physx@@@shdfnd@physx@@IEAAPEAII@Z 00000001800176a0 f i RTreeCooking.obj
 0001:00016730       ?allocate@?$Array@UInterval@physx@@V?$InlineAllocator@$0CAAA@VNamedAllocator@shdfnd@physx@@@shdfnd@2@@shdfnd@physx@@IEAAPEAUInterval@3@I@Z 0000000180017730 f i RTreeCooking.obj
 0001:000167c0       ?allocate@?$Array@UPxBounds3V@physx@@VNamedAllocator@shdfnd@2@@shdfnd@physx@@IEAAPEAUPxBounds3V@3@I@Z 00000001800177c0 f i RTreeCooking.obj
 0001:00016850       ?allocate@?$Array@URTreeNodeNQ@physx@@VNamedAllocator@shdfnd@2@@shdfnd@physx@@IEAAPEAURTreeNodeNQ@3@I@Z 0000000180017850 f i RTreeCooking.obj
 0001:000168e0       ?allocate@?$Array@URTreeNodeQ@Gu@physx@@VNamedAllocator@shdfnd@3@@shdfnd@physx@@IEAAPEAURTreeNodeQ@Gu@3@I@Z 00000001800178e0 f i RTreeCooking.obj
 0001:00016970       ?allocate@?$InlineAllocator@$0CAAA@VNamedAllocator@shdfnd@physx@@@shdfnd@physx@@QEAAPEAXIPEBDH@Z 0000000180017970 f i RTreeCooking.obj
 0001:000169e0       ?allocate@NonTrackingAllocator@shdfnd@physx@@QEAAPEAX_KPEBDH@Z 00000001800179e0 f i RTreeCooking.obj
 0001:00016a50       ?begin@?$Array@IVNamedAllocator@shdfnd@physx@@@shdfnd@physx@@QEAAPEAIXZ 0000000180017a50 f i RTreeCooking.obj
 0001:00016a60       ?begin@?$Array@UPxBounds3V@physx@@VNamedAllocator@shdfnd@2@@shdfnd@physx@@QEAAPEAUPxBounds3V@3@XZ 0000000180017a60 f i RTreeCooking.obj
 0001:00016a70       ?begin@?$Array@VPxVec3@physx@@VNamedAllocator@shdfnd@2@@shdfnd@physx@@QEAAPEAVPxVec3@3@XZ 0000000180017a70 f i RTreeCooking.obj
 0001:00016a80       ?capacity@?$Array@IVNamedAllocator@shdfnd@physx@@@shdfnd@physx@@QEBAIXZ 0000000180017a80 f i RTreeCooking.obj
 0001:00016aa0       ?capacity@?$Array@UInterval@physx@@V?$InlineAllocator@$0CAAA@VNamedAllocator@shdfnd@physx@@@shdfnd@2@@shdfnd@physx@@QEBAIXZ 0000000180017aa0 f i RTreeCooking.obj
 0001:00016ac0       ?capacity@?$Array@UPxBounds3V@physx@@VNamedAllocator@shdfnd@2@@shdfnd@physx@@QEBAIXZ 0000000180017ac0 f i RTreeCooking.obj
 0001:00016ae0       ?capacity@?$Array@URTreeNodeNQ@physx@@VNamedAllocator@shdfnd@2@@shdfnd@physx@@QEBAIXZ 0000000180017ae0 f i RTreeCooking.obj
 0001:00016b00       ?capacity@?$Array@URTreeNodeQ@Gu@physx@@VNamedAllocator@shdfnd@3@@shdfnd@physx@@QEBAIXZ 0000000180017b00 f i RTreeCooking.obj
 0001:00016b20       ?capacityIncrement@?$Array@IVNamedAllocator@shdfnd@physx@@@shdfnd@physx@@IEBAIXZ 0000000180017b20 f i RTreeCooking.obj
 0001:00016b60       ?capacityIncrement@?$Array@UInterval@physx@@V?$InlineAllocator@$0CAAA@VNamedAllocator@shdfnd@physx@@@shdfnd@2@@shdfnd@physx@@IEBAIXZ 0000000180017b60 f i RTreeCooking.obj
 0001:00016ba0       ?capacityIncrement@?$Array@UPxBounds3V@physx@@VNamedAllocator@shdfnd@2@@shdfnd@physx@@IEBAIXZ 0000000180017ba0 f i RTreeCooking.obj
 0001:00016be0       ?capacityIncrement@?$Array@URTreeNodeNQ@physx@@VNamedAllocator@shdfnd@2@@shdfnd@physx@@IEBAIXZ 0000000180017be0 f i RTreeCooking.obj
 0001:00016c20       ?capacityIncrement@?$Array@URTreeNodeQ@Gu@physx@@VNamedAllocator@shdfnd@3@@shdfnd@physx@@IEBAIXZ 0000000180017c20 f i RTreeCooking.obj
 0001:00016c60       ?computeSA@SubSortSAH@physx@@QEAAMPEBIAEBUInterval@2@@Z 0000000180017c60 f i RTreeCooking.obj
 0001:00016e70       ?copy@?$Array@IVNamedAllocator@shdfnd@physx@@@shdfnd@physx@@KAXPEAI0PEBI@Z 0000000180017e70 f i RTreeCooking.obj
 0001:00016ef0       ?copy@?$Array@UInterval@physx@@V?$InlineAllocator@$0CAAA@VNamedAllocator@shdfnd@physx@@@shdfnd@2@@shdfnd@physx@@KAXPEAUInterval@3@0PEBU43@@Z 0000000180017ef0 f i RTreeCooking.obj
 0001:00016f70       ?copy@?$Array@UPxBounds3V@physx@@VNamedAllocator@shdfnd@2@@shdfnd@physx@@KAXPEAUPxBounds3V@3@0PEBU43@@Z 0000000180017f70 f i RTreeCooking.obj
 0001:00016ff0       ?copy@?$Array@URTreeNodeNQ@physx@@VNamedAllocator@shdfnd@2@@shdfnd@physx@@KAXPEAURTreeNodeNQ@3@0PEBU43@@Z 0000000180017ff0 f i RTreeCooking.obj
 0001:00017070       ?copy@?$Array@URTreeNodeQ@Gu@physx@@VNamedAllocator@shdfnd@3@@shdfnd@physx@@KAXPEAURTreeNodeQ@Gu@3@0PEBU453@@Z 0000000180018070 f i RTreeCooking.obj
 0001:000170f0       ?create@?$Array@IVNamedAllocator@shdfnd@physx@@@shdfnd@physx@@KAXPEAI0AEBI@Z 00000001800180f0 f i RTreeCooking.obj
 0001:00017150       ?deallocate@?$Array@IVNamedAllocator@shdfnd@physx@@@shdfnd@physx@@IEAAXPEAX@Z 0000000180018150 f i RTreeCooking.obj
 0001:00017180       ?deallocate@?$Array@UInterval@physx@@V?$InlineAllocator@$0CAAA@VNamedAllocator@shdfnd@physx@@@shdfnd@2@@shdfnd@physx@@IEAAXPEAX@Z 0000000180018180 f i RTreeCooking.obj
 0001:000171b0       ?deallocate@?$Array@UPxBounds3V@physx@@VNamedAllocator@shdfnd@2@@shdfnd@physx@@IEAAXPEAX@Z 00000001800181b0 f i RTreeCooking.obj
 0001:000171e0       ?deallocate@?$Array@URTreeNodeNQ@physx@@VNamedAllocator@shdfnd@2@@shdfnd@physx@@IEAAXPEAX@Z 00000001800181e0 f i RTreeCooking.obj
 0001:00017210       ?deallocate@?$Array@URTreeNodeQ@Gu@physx@@VNamedAllocator@shdfnd@3@@shdfnd@physx@@IEAAXPEAX@Z 0000000180018210 f i RTreeCooking.obj
 0001:00017240       ?deallocate@?$InlineAllocator@$0CAAA@VNamedAllocator@shdfnd@physx@@@shdfnd@physx@@QEAAXPEAX@Z 0000000180018240 f i RTreeCooking.obj
 0001:00017280       ?destroy@?$Array@IVNamedAllocator@shdfnd@physx@@@shdfnd@physx@@KAXPEAI0@Z 0000000180018280 f i RTreeCooking.obj
 0001:000172b0       ?destroy@?$Array@UInterval@physx@@V?$InlineAllocator@$0CAAA@VNamedAllocator@shdfnd@physx@@@shdfnd@2@@shdfnd@physx@@KAXPEAUInterval@3@0@Z 00000001800182b0 f i RTreeCooking.obj
 0001:000172e0       ?destroy@?$Array@UPxBounds3V@physx@@VNamedAllocator@shdfnd@2@@shdfnd@physx@@KAXPEAUPxBounds3V@3@0@Z 00000001800182e0 f i RTreeCooking.obj
 0001:00017310       ?destroy@?$Array@URTreeNodeNQ@physx@@VNamedAllocator@shdfnd@2@@shdfnd@physx@@KAXPEAURTreeNodeNQ@3@0@Z 0000000180018310 f i RTreeCooking.obj
 0001:00017340       ?destroy@?$Array@URTreeNodeQ@Gu@physx@@VNamedAllocator@shdfnd@3@@shdfnd@physx@@KAXPEAURTreeNodeQ@Gu@3@0@Z 0000000180018340 f i RTreeCooking.obj
 0001:00017370       ?empty@?$Stack@VNamedAllocator@shdfnd@physx@@@internal@shdfnd@physx@@QEAA_NXZ 0000000180018370 f i RTreeCooking.obj
 0001:000173a0       ?empty@PxBounds3@physx@@SA?AV12@XZ 00000001800183a0 f i RTreeCooking.obj
 0001:00017400       ?getExtents@PxBounds3V@physx@@QEBA?AT__m128@@XZ 0000000180018400 f i RTreeCooking.obj
 0001:00017460       ?getMaxVec3@PxBounds3V@physx@@QEBA?BVPxVec3@2@XZ 0000000180018460 f i RTreeCooking.obj
 0001:000174b0       ?getMinVec3@PxBounds3V@physx@@QEBA?BVPxVec3@2@XZ 00000001800184b0 f i RTreeCooking.obj
 0001:00017500       ?grow@?$Array@IVNamedAllocator@shdfnd@physx@@@shdfnd@physx@@IEAAXI@Z 0000000180018500 f i RTreeCooking.obj
 0001:00017580       ?grow@?$Array@UPxBounds3V@physx@@VNamedAllocator@shdfnd@2@@shdfnd@physx@@IEAAXI@Z 0000000180018580 f i RTreeCooking.obj
 0001:00017600       ?grow@?$Array@URTreeNodeNQ@physx@@VNamedAllocator@shdfnd@2@@shdfnd@physx@@IEAAXI@Z 0000000180018600 f i RTreeCooking.obj
 0001:00017680       ?grow@?$Array@URTreeNodeQ@Gu@physx@@VNamedAllocator@shdfnd@3@@shdfnd@physx@@IEAAXI@Z 0000000180018680 f i RTreeCooking.obj
 0001:00017700       ?grow@?$Array@VPxVec3@physx@@VNamedAllocator@shdfnd@2@@shdfnd@physx@@IEAAXI@Z 0000000180018700 f i RTreeCooking.obj
 0001:00017780       ?grow@?$Stack@VNamedAllocator@shdfnd@physx@@@internal@shdfnd@physx@@QEAAXXZ 0000000180018780 f i RTreeCooking.obj
 0001:00017830       ?growAndPushBack@?$Array@IVNamedAllocator@shdfnd@physx@@@shdfnd@physx@@IEAAAEAIAEBI@Z 0000000180018830 f i RTreeCooking.obj
 0001:000179b0       ?growAndPushBack@?$Array@UInterval@physx@@V?$InlineAllocator@$0CAAA@VNamedAllocator@shdfnd@physx@@@shdfnd@2@@shdfnd@physx@@IEAAAEAUInterval@3@AEBU43@@Z 00000001800189b0 f i RTreeCooking.obj
 0001:00017b60       ?growAndPushBack@?$Array@UPxBounds3V@physx@@VNamedAllocator@shdfnd@2@@shdfnd@physx@@IEAAAEAUPxBounds3V@3@AEBU43@@Z 0000000180018b60 f i RTreeCooking.obj
 0001:00017d30       ?growAndPushBack@?$Array@URTreeNodeNQ@physx@@VNamedAllocator@shdfnd@2@@shdfnd@physx@@IEAAAEAURTreeNodeNQ@3@AEBU43@@Z 0000000180018d30 f i RTreeCooking.obj
 0001:00017ec0       ?growAndPushBack@?$Array@URTreeNodeQ@Gu@physx@@VNamedAllocator@shdfnd@3@@shdfnd@physx@@IEAAAEAURTreeNodeQ@Gu@3@AEBU453@@Z 0000000180018ec0 f i RTreeCooking.obj
 0001:00018090       ?include@PxBounds3V@physx@@QEAAXAEBU12@@Z 0000000180019090 f i RTreeCooking.obj
 0001:00018140       ?isInUserMemory@?$Array@IVNamedAllocator@shdfnd@physx@@@shdfnd@physx@@QEBAIXZ 0000000180019140 f i RTreeCooking.obj
 0001:00018160       ?isInUserMemory@?$Array@UInterval@physx@@V?$InlineAllocator@$0CAAA@VNamedAllocator@shdfnd@physx@@@shdfnd@2@@shdfnd@physx@@QEBAIXZ 0000000180019160 f i RTreeCooking.obj
 0001:00018180       ?isInUserMemory@?$Array@UPxBounds3V@physx@@VNamedAllocator@shdfnd@2@@shdfnd@physx@@QEBAIXZ 0000000180019180 f i RTreeCooking.obj
 0001:000181a0       ?isInUserMemory@?$Array@URTreeNodeNQ@physx@@VNamedAllocator@shdfnd@2@@shdfnd@physx@@QEBAIXZ 00000001800191a0 f i RTreeCooking.obj
 0001:000181c0       ?isInUserMemory@?$Array@URTreeNodeQ@Gu@physx@@VNamedAllocator@shdfnd@3@@shdfnd@physx@@QEBAIXZ 00000001800191c0 f i RTreeCooking.obj
 0001:000181e0       ?isInside@PxBounds3@physx@@QEBA_NAEBV12@@Z 00000001800191e0 f i RTreeCooking.obj
 0001:000182d0       ?isLeaf@RTreeNodeQ@Gu@physx@@QEBAIXZ 00000001800192d0 f i RTreeCooking.obj
 0001:000182f0       ?isValidFloatV@aos@shdfnd@physx@@YA_NT__m128@@@Z 00000001800192f0 f i RTreeCooking.obj
 0001:00018400       ?isValidVec3V@aos@shdfnd@physx@@YA_NT__m128@@@Z 0000000180019400 f i RTreeCooking.obj
 0001:00018460       ?pop@?$Stack@VNamedAllocator@shdfnd@physx@@@internal@shdfnd@physx@@QEAAXAEAH0@Z 0000000180019460 f i RTreeCooking.obj
 0001:00018540       ?popBack@?$Array@IVNamedAllocator@shdfnd@physx@@@shdfnd@physx@@QEAAIXZ 0000000180019540 f i RTreeCooking.obj
 0001:000185e0       ?push@?$Stack@VNamedAllocator@shdfnd@physx@@@internal@shdfnd@physx@@QEAAXHH@Z 00000001800195e0 f i RTreeCooking.obj
 0001:00018670       ?pushBack@?$Array@IVNamedAllocator@shdfnd@physx@@@shdfnd@physx@@QEAAAEAIAEBI@Z 0000000180019670 f i RTreeCooking.obj
 0001:00018710       ?pushBack@?$Array@UInterval@physx@@V?$InlineAllocator@$0CAAA@VNamedAllocator@shdfnd@physx@@@shdfnd@2@@shdfnd@physx@@QEAAAEAUInterval@3@AEBU43@@Z 0000000180019710 f i RTreeCooking.obj
 0001:000187d0       ?pushBack@?$Array@UPxBounds3V@physx@@VNamedAllocator@shdfnd@2@@shdfnd@physx@@QEAAAEAUPxBounds3V@3@AEBU43@@Z 00000001800197d0 f i RTreeCooking.obj
 0001:00018880       ?pushBack@?$Array@URTreeNodeNQ@physx@@VNamedAllocator@shdfnd@2@@shdfnd@physx@@QEAAAEAURTreeNodeNQ@3@AEBU43@@Z 0000000180019880 f i RTreeCooking.obj
 0001:00018920       ?pushBack@?$Array@URTreeNodeQ@Gu@physx@@VNamedAllocator@shdfnd@3@@shdfnd@physx@@QEAAAEAURTreeNodeQ@Gu@3@AEBU453@@Z 0000000180019920 f i RTreeCooking.obj
 0001:000189d0       ?recreate@?$Array@IVNamedAllocator@shdfnd@physx@@@shdfnd@physx@@IEAAXI@Z 00000001800199d0 f i RTreeCooking.obj
 0001:00018ae0       ?recreate@?$Array@UPxBounds3V@physx@@VNamedAllocator@shdfnd@2@@shdfnd@physx@@IEAAXI@Z 0000000180019ae0 f i RTreeCooking.obj
 0001:00018c00       ?recreate@?$Array@URTreeNodeNQ@physx@@VNamedAllocator@shdfnd@2@@shdfnd@physx@@IEAAXI@Z 0000000180019c00 f i RTreeCooking.obj
 0001:00018d20       ?recreate@?$Array@URTreeNodeQ@Gu@physx@@VNamedAllocator@shdfnd@3@@shdfnd@physx@@IEAAXI@Z 0000000180019d20 f i RTreeCooking.obj
 0001:00018e40       ?recreate@?$Array@VPxVec3@physx@@VNamedAllocator@shdfnd@2@@shdfnd@physx@@IEAAXI@Z 0000000180019e40 f i RTreeCooking.obj
 0001:00018f60       ?replaceWithLast@?$Array@UInterval@physx@@V?$InlineAllocator@$0CAAA@VNamedAllocator@shdfnd@physx@@@shdfnd@2@@shdfnd@physx@@QEAAXI@Z 0000000180019f60 f i RTreeCooking.obj
 0001:00019020       ?reserve@?$Array@IVNamedAllocator@shdfnd@physx@@@shdfnd@physx@@QEAAXI@Z 000000018001a020 f i RTreeCooking.obj
 0001:00019050       ?reserve@?$Array@UPxBounds3V@physx@@VNamedAllocator@shdfnd@2@@shdfnd@physx@@QEAAXI@Z 000000018001a050 f i RTreeCooking.obj
 0001:00019080       ?reserve@?$Array@URTreeNodeNQ@physx@@VNamedAllocator@shdfnd@2@@shdfnd@physx@@QEAAXI@Z 000000018001a080 f i RTreeCooking.obj
 0001:000190b0       ?reserve@?$Array@URTreeNodeQ@Gu@physx@@VNamedAllocator@shdfnd@3@@shdfnd@physx@@QEAAXI@Z 000000018001a0b0 f i RTreeCooking.obj
[...]
 0004:00002d18       $pdata$?growAndPushBack@?$Array@PEAUQuickHullVertex@local@@VNamedAllocator@shdfnd@physx@@@shdfnd@physx@@IEAAAEAPEAUQuickHullVertex@local@@AEBQEAU45@@Z 0000000180061d18     QuickHullConvexHullLib.obj
 0004:00002d24       $pdata$?grow@?$Array@PEAUQuickHullVertex@local@@VNamedAllocator@shdfnd@physx@@@shdfnd@physx@@IEAAXI@Z 0000000180061d24     QuickHullConvexHullLib.obj
 0004:00002d30       $pdata$?recreate@?$Array@PEAUQuickHullVertex@local@@VNamedAllocator@shdfnd@physx@@@shdfnd@physx@@IEAAXI@Z 0000000180061d30     QuickHullConvexHullLib.obj
 0004:00002d3c       $pdata$?capacityIncrement@?$Array@PEAUQuickHullVertex@local@@VNamedAllocator@shdfnd@physx@@@shdfnd@physx@@IEBAIXZ 0000000180061d3c     QuickHullConvexHullLib.obj
 0004:00002d48       $pdata$??_GQuickHull@local@@QEAAPEAXI@Z 0000000180061d48     QuickHullConvexHullLib.obj
 0004:00002d54       $pdata$??1?$ScopedPointer@UQuickHullHalfEdge@local@@VTempAllocator@shdfnd@physx@@@shdfnd@physx@@QEAA@XZ 0000000180061d54     QuickHullConvexHullLib.obj
 0004:00002d60       $pdata$??0?$ScopedPointer@UQuickHullHalfEdge@local@@VTempAllocator@shdfnd@physx@@@shdfnd@physx@@QEAA@XZ 0000000180061d60     QuickHullConvexHullLib.obj
 0004:00002d6c       $pdata$??0ExpandPoint@local@@QEAA@XZ 0000000180061d6c     QuickHullConvexHullLib.obj
 0004:00002d78       $pdata$??0ExpandPoint@local@@QEAA@AEBU01@@Z 0000000180061d78     QuickHullConvexHullLib.obj
 0004:00002d84       $pdata$??A?$Array@IVNamedAllocator@shdfnd@physx@@@shdfnd@physx@@QEBAAEBII@Z 0000000180061d84     QuickHullConvexHullLib.obj
 0004:00002d90       $pdata$??0?$Array@UExpandPoint@local@@VNamedAllocator@shdfnd@physx@@@shdfnd@physx@@QEAA@AEBVNamedAllocator@12@@Z 0000000180061d90     QuickHullConvexHullLib.obj
 0004:00002d9c       $pdata$??1?$Array@UExpandPoint@local@@VNamedAllocator@shdfnd@physx@@@shdfnd@physx@@QEAA@XZ 0000000180061d9c     QuickHullConvexHullLib.obj
 0004:00002da8       $pdata$??A?$Array@UExpandPoint@local@@VNamedAllocator@shdfnd@physx@@@shdfnd@physx@@QEAAAEAUExpandPoint@local@@I@Z 0000000180061da8     QuickHullConvexHullLib.obj
 0004:00002db4       $pdata$?pushBack@?$Array@UExpandPoint@local@@VNamedAllocator@shdfnd@physx@@@shdfnd@physx@@QEAAAEAUExpandPoint@local@@AEBU45@@Z 0000000180061db4     QuickHullConvexHullLib.obj
 0004:00002dc0       $pdata$?reserve@?$Array@UExpandPoint@local@@VNamedAllocator@shdfnd@physx@@@shdfnd@physx@@QEAAXI@Z 0000000180061dc0     QuickHullConvexHullLib.obj
 0004:00002dcc       $pdata$?allocate@?$Array@UExpandPoint@local@@VNamedAllocator@shdfnd@physx@@@shdfnd@physx@@IEAAPEAUExpandPoint@local@@I@Z 0000000180061dcc     QuickHullConvexHullLib.obj
 0004:00002dd8       $pdata$?deallocate@?$Array@UExpandPoint@local@@VNamedAllocator@shdfnd@physx@@@shdfnd@physx@@IEAAXPEAX@Z 0000000180061dd8     QuickHullConvexHullLib.obj
 0004:00002de4       $pdata$?copy@?$Array@UExpandPoint@local@@VNamedAllocator@shdfnd@physx@@@shdfnd@physx@@KAXPEAUExpandPoint@local@@0PEBU45@@Z 0000000180061de4     QuickHullConvexHullLib.obj
 0004:00002df0       $pdata$?growAndPushBack@?$Array@UExpandPoint@local@@VNamedAllocator@shdfnd@physx@@@shdfnd@physx@@IEAAAEAUExpandPoint@local@@AEBU45@@Z 0000000180061df0     QuickHullConvexHullLib.obj
 0004:00002dfc       $pdata$?grow@?$Array@UExpandPoint@local@@VNamedAllocator@shdfnd@physx@@@shdfnd@physx@@IEAAXI@Z 0000000180061dfc     QuickHullConvexHullLib.obj
 0004:00002e08       $pdata$?recreate@?$Array@UExpandPoint@local@@VNamedAllocator@shdfnd@physx@@@shdfnd@physx@@IEAAXI@Z 0000000180061e08     QuickHullConvexHullLib.obj
 0004:00002e14       $pdata$?capacityIncrement@?$Array@UExpandPoint@local@@VNamedAllocator@shdfnd@physx@@@shdfnd@physx@@IEBAIXZ 0000000180061e14     QuickHullConvexHullLib.obj
 0004:00002e20       $pdata$?getName@?$ReflectionAllocator@VQuickHull@local@@@shdfnd@physx@@CAPEBDXZ 0000000180061e20     QuickHullConvexHullLib.obj
 0004:00002e2c       $pdata$?allocate@?$ReflectionAllocator@VQuickHull@local@@@shdfnd@physx@@QEAAPEAX_KPEBDH@Z 0000000180061e2c     QuickHullConvexHullLib.obj
 0004:00002e38       $pdata$??$?2V?$ReflectionAllocator@VQuickHull@local@@@shdfnd@physx@@@UserAllocated@shdfnd@physx@@SAPEAX_KV?$ReflectionAllocator@VQuickHull@local@@@12@PEBDH@Z 0000000180061e38     QuickHullConvexHullLib.obj
 0004:00002e44       $pdata$??1?$ScopedPointer@VPxVec3@physx@@VTempAllocator@shdfnd@2@@shdfnd@physx@@QEAA@XZ 0000000180061e44     QuickHullConvexHullLib.obj
 0004:00002e50       $pdata$??0?$ScopedPointer@VPxVec3@physx@@VTempAllocator@shdfnd@2@@shdfnd@physx@@QEAA@XZ 0000000180061e50     QuickHullConvexHullLib.obj
 0004:00002e5c       $pdata$?isZero@PxVec3@physx@@QEBA_NXZ 0000000180061e5c     VolumeIntegration.obj
 0004:00002e68       $pdata$??Dphysx@@YA?AVPxVec3@0@MAEBV10@@Z 0000000180061e68     VolumeIntegration.obj
 0004:00002e74       $pdata$?computeVolumeIntegrals@physx@@YA_NAEBVPxSimpleTriangleMesh@1@MAEAUPxIntegrals@1@@Z 0000000180061e74     VolumeIntegration.obj
 0004:00002e80       $pdata$?computeVolumeIntegralsEberly@physx@@YA_NAEBVPxConvexMeshDesc@1@MAEAUPxIntegrals@1@AEBVPxVec3@1@@Z 0000000180061e80     VolumeIntegration.obj
 0004:00002e8c       $pdata$?computeVolumeIntegralsEberlySIMD@physx@@YA_NAEBVPxConvexMeshDesc@1@MAEAUPxIntegrals@1@AEBVPxVec3@1@@Z 0000000180061e8c     VolumeIntegration.obj
 0004:00002e98       $pdata$??0VolumeIntegrator@?A0x5954a7e1@physx@@QEAA@VPxSimpleTriangleMesh@2@N@Z 0000000180061e98     VolumeIntegration.obj
 0004:00002ea4       $pdata$?computeVolumeIntegrals@VolumeIntegrator@?A0x5954a7e1@physx@@QEAA_NAEAUPxIntegrals@3@@Z 0000000180061ea4     VolumeIntegration.obj
 0004:00002eb0       $pdata$?computeCenterOfMass@VolumeIntegrator@?A0x5954a7e1@physx@@AEAA?AVPxVec3@3@XZ 0000000180061eb0     VolumeIntegration.obj
 0004:00002ebc       $pdata$?computeInertiaTensor@VolumeIntegrator@?A0x5954a7e1@physx@@AEAAXPEAN@Z 0000000180061ebc     VolumeIntegration.obj
 0004:00002ec8       $pdata$?computeCOMInertiaTensor@VolumeIntegrator@?A0x5954a7e1@physx@@AEAAXPEAN@Z 0000000180061ec8     VolumeIntegration.obj
 0004:00002ed4       $pdata$?computeFaceNormal@VolumeIntegrator@?A0x5954a7e1@physx@@AEAAXAEAUFace@123@PEAI@Z 0000000180061ed4     VolumeIntegration.obj
 0004:00002ee0       $pdata$?computeProjectionIntegrals@VolumeIntegrator@?A0x5954a7e1@physx@@AEAAXAEBUFace@123@@Z 0000000180061ee0     VolumeIntegration.obj
 0004:00002eec       $pdata$?computeFaceIntegrals@VolumeIntegrator@?A0x5954a7e1@physx@@AEAAXAEBUFace@123@@Z 0000000180061eec     VolumeIntegration.obj
 0004:00002ef8       $pdata$?computeVolumeIntegralsSIMD@VolumeIntegratorEberly@?A0x5954a7e1@physx@@QEAA_NAEAUPxIntegrals@3@AEBVPxVec3@3@@Z 0000000180061ef8     VolumeIntegration.obj
 0004:00002f04       $pdata$?computeVolumeIntegrals@VolumeIntegratorEberly@?A0x5954a7e1@physx@@QEAA_NAEAUPxIntegrals@3@AEBVPxVec3@3@@Z 0000000180061f04     VolumeIntegration.obj
 0004:00002f10       $pdata$??0PxSimpleTriangleMesh@physx@@QEAA@XZ 0000000180061f10     VolumeIntegration.obj
 0004:00002f1c       $pdata$??4PxSimpleTriangleMesh@physx@@QEAAAEAV01@AEBV01@@Z 0000000180061f1c     VolumeIntegration.obj
 0004:00002f28       $pdata$?Vec4V_From_PxVec3_WUndefined@aos@shdfnd@physx@@YA?AT__m128@@AEBVPxVec3@3@@Z 0000000180061f28     VolumeIntegration.obj
 0004:00002f34       $pdata$?FAllGrtr@aos@shdfnd@physx@@YAIT__m128@@0@Z 0000000180061f34     VolumeIntegration.obj
 0004:00002f40       $pdata$?V4ScaleInv@aos@shdfnd@physx@@YA?AT__m128@@T4@0@Z 0000000180061f40     VolumeIntegration.obj
 0004:00002f4c       $pdata$?V4Dot3@aos@shdfnd@physx@@YA?AT__m128@@T4@0@Z 0000000180061f4c     VolumeIntegration.obj
 0004:00002f58       $pdata$?V4Cross@aos@shdfnd@physx@@YA?AT__m128@@T4@0@Z 0000000180061f58     VolumeIntegration.obj
 0004:00002f64       $pdata$?V4PermYZXW@aos@shdfnd@physx@@YA?AT__m128@@T4@@Z 0000000180061f64     VolumeIntegration.obj
 0004:00002f70       $pdata$??__EminFError@_VecMathTests@aos@shdfnd@physx@@YAXXZ 0000000180061f70     VolumeIntegration.obj
 0004:00002f7c       $pdata$??__EmaxFError@_VecMathTests@aos@shdfnd@physx@@YAXXZ 0000000180061f7c     VolumeIntegration.obj
 0004:00002f88       $pdata$??__EminV3Error@_VecMathTests@aos@shdfnd@physx@@YAXXZ 0000000180061f88     VolumeIntegration.obj
 0004:00002f94       $pdata$??__EmaxV3Error@_VecMathTests@aos@shdfnd@physx@@YAXXZ 0000000180061f94     VolumeIntegration.obj
 0004:00002fa0       $pdata$??__EminV4Error@_VecMathTests@aos@shdfnd@physx@@YAXXZ 0000000180061fa0     VolumeIntegration.obj
 0004:00002fac       $pdata$??__EmaxV4Error@_VecMathTests@aos@shdfnd@physx@@YAXXZ 0000000180061fac     VolumeIntegration.obj
 0004:00002fb8       $pdata$?subexpressions@?A0x5954a7e1@physx@@YAXNNNAEAN00000@Z 0000000180061fb8     VolumeIntegration.obj
 0004:00002fc4       $pdata$?subexpressionsSIMD@?A0x5954a7e1@physx@@YAXAEBT__m128@@00AEAT3@11111@Z 0000000180061fc4     VolumeIntegration.obj
 0004:00002fd0       $pdata$??$swap@VPxVec3@physx@@@shdfnd@physx@@YAXAEAVPxVec3@1@0@Z 0000000180061fd0     VolumeIntegration.obj
 0004:00002fdc       $pdata$?loadLibrary@Cm@physx@@YAPEAUHINSTANCE__@@PEBD@Z 0000000180061fdc     WindowsCookingDelayLoadHook.obj
 0004:00002fe8       $pdata$?physXCommonDliNotePreLoadLibrary@Cm@physx@@YAP6A_JXZPEBDPEBVPxDelayLoadHook@2@@Z 0000000180061fe8     WindowsCookingDelayLoadHook.obj
 0004:00002ff4       $pdata$?cookingDelayHook@@YAP6A_JXZIPEAUDelayLoadInfo@@@Z 0000000180061ff4     WindowsCookingDelayLoadHook.obj
 0004:00003018       $pdata$__FUnloadDelayLoadedDLL2 0000000180062018     Delayimp:delayhlp.obj
 0004:00003024       $pdata$__HrLoadAllImportsForDll 0000000180062024     Delayimp:delayhlp.obj
 0004:00003030       $pdata$?DloadGetSRWLockFunctionPointers@@YAEXZ 0000000180062030     Delayimp:delayhlp.obj
 0004:0000303c       $pdata$?DloadLock@@YAXXZ   000000018006203c     Delayimp:delayhlp.obj
 0004:00003048       $pdata$?DloadUnlock@@YAXXZ 0000000180062048     Delayimp:delayhlp.obj
 0004:00003054       $pdata$?DloadObtainSection@@YAPEAXPEAK0@Z 0000000180062054     Delayimp:delayhlp.obj
 0004:00003060       $pdata$?DloadMakePermanentImageCommit@@YAXPEAX_K@Z 0000000180062060     Delayimp:delayhlp.obj
 0004:0000306c       $pdata$?DloadProtectSection@@YAXKPEAK@Z 000000018006206c     Delayimp:delayhlp.obj
 0004:00003078       $pdata$?DloadAcquireSectionWriteAccess@@YAXXZ 0000000180062078     Delayimp:delayhlp.obj
 0004:00003084       $pdata$?DloadReleaseSectionWriteAccess@@YAXXZ 0000000180062084     Delayimp:delayhlp.obj
 0004:00003090       $pdata$?PiddFromDllName@@YAPEBUImgDelayDescr@@PEBD@Z 0000000180062090     Delayimp:delayhlp.obj
 0004:0000309c       $pdata$__delayLoadHelper2  000000018006209c     Delayimp:delayhlp.obj
 0004:000030a8       $pdata$??3@YAXPEAX_K@Z     00000001800620a8     MSVCRTD:delete_scalar_size.obj
 0004:000030b4       $pdata$??_V@YAXPEAX_K@Z    00000001800620b4     MSVCRTD:delete_array_size.obj
 0004:000030c0       $pdata$_RTC_Shutdown       00000001800620c0     MSVCRTD:init.obj
 0004:000030cc       $pdata$_RTC_InitBase       00000001800620cc     MSVCRTD:init.obj
 0004:000030d8       $pdata$?__scrt_initialize_type_info@@YAXXZ 00000001800620d8     MSVCRTD:tncleanup.obj
 0004:000030e4       $pdata$?__scrt_uninitialize_type_info@@YAXXZ 00000001800620e4     MSVCRTD:tncleanup.obj
 0004:000030f0       $pdata$??_Gtype_info@@UEAAPEAXI@Z 00000001800620f0     MSVCRTD:std_type_info_static.obj
 0004:00003108       $pdata$??3@YAXPEAX@Z       0000000180062108     MSVCRTD:delete_scalar.obj
 0004:00003114       $pdata$??_V@YAXPEAX@Z      0000000180062114     MSVCRTD:delete_array.obj
 0004:00003120       $pdata$?dllmain_crt_process_attach@@YAHQEAUHINSTANCE__@@QEAX@Z 0000000180062120     MSVCRTD:dll_dllmain.obj
 0004:0000312c       $pdata$?fin$0@?0??dllmain_crt_process_attach@@YAHQEAUHINSTANCE__@@QEAX@Z@4HA 000000018006212c     MSVCRTD:dll_dllmain.obj
 0004:00003138       $pdata$?dllmain_crt_process_detach@@YAH_N@Z 0000000180062138     MSVCRTD:dll_dllmain.obj
 0004:00003144       $pdata$?fin$0@?0??dllmain_crt_process_detach@@YAH_N@Z@4HA 0000000180062144     MSVCRTD:dll_dllmain.obj
 0004:00003150       $pdata$?dllmain_crt_dispatch@@YAHQEAUHINSTANCE__@@KQEAX@Z 0000000180062150     MSVCRTD:dll_dllmain.obj
 0004:0000315c       $pdata$_CRT_INIT           000000018006215c     MSVCRTD:dll_dllmain.obj
 0004:00003168       $pdata$?dllmain_raw@@YAHQEAUHINSTANCE__@@KQEAX@Z 0000000180062168     MSVCRTD:dll_dllmain.obj
 0004:00003174       $pdata$?dllmain_dispatch@@YAHQEAUHINSTANCE__@@KQEAX@Z 0000000180062174     MSVCRTD:dll_dllmain.obj
 0004:00003180       $pdata$?filt$0@?0??dllmain_dispatch@@YAHQEAUHINSTANCE__@@KQEAX@Z@4HA 0000000180062180     MSVCRTD:dll_dllmain.obj
 0004:0000318c       $pdata$_DllMainCRTStartup  000000018006218c     MSVCRTD:dll_dllmain.obj
 0004:00003198       $pdata$ReadNoFence64       0000000180062198     MSVCRTD:guard_support.obj
 0004:000031a4       $pdata$ReadPointerNoFence  00000001800621a4     MSVCRTD:guard_support.obj
 0004:000031b0       $pdata$_guard_icall_checks_enforced 00000001800621b0     MSVCRTD:guard_support.obj
 0004:000031bc       $pdata$__security_init_cookie 00000001800621bc     MSVCRTD:gs_support.obj
 0004:000031c8       $pdata$__get_entropy       00000001800621c8     MSVCRTD:gs_support.obj
 0004:000031d4       $pdata$DllMain             00000001800621d4     MSVCRTD:dll_dllmain_stub.obj
 0004:000031e0       $pdata$__scrt_initialize_default_local_stdio_options 00000001800621e0     MSVCRTD:default_local_stdio_options.obj
 0004:000031ec       $pdata$atexit              00000001800621ec     MSVCRTD:utility.obj
 0004:000031f8       $pdata$_onexit             00000001800621f8     MSVCRTD:utility.obj
 0004:00003204       $pdata$at_quick_exit       0000000180062204     MSVCRTD:utility.obj
 0004:00003210       $pdata$__scrt_is_nonwritable_in_current_image 0000000180062210     MSVCRTD:utility.obj
 0004:0000321c       $pdata$__scrt_is_nonwritable_in_current_image$filt$0 000000018006221c     MSVCRTD:utility.obj
 0004:00003228       $pdata$__scrt_acquire_startup_lock 0000000180062228     MSVCRTD:utility.obj
 0004:00003234       $pdata$__scrt_release_startup_lock 0000000180062234     MSVCRTD:utility.obj
 0004:00003240       $pdata$__scrt_initialize_crt 0000000180062240     MSVCRTD:utility.obj
 0004:0000324c       $pdata$__scrt_uninitialize_crt 000000018006224c     MSVCRTD:utility.obj
 0004:00003258       $pdata$__scrt_initialize_onexit_tables 0000000180062258     MSVCRTD:utility.obj
 0004:00003264       $pdata$__scrt_dllmain_exception_filter 0000000180062264     MSVCRTD:utility.obj
 0004:00003270       $pdata$__scrt_dllmain_before_initialize_c 0000000180062270     MSVCRTD:utility.obj
 0004:0000327c       $pdata$__scrt_dllmain_after_initialize_c 000000018006227c     MSVCRTD:utility.obj
 0004:00003288       $pdata$__scrt_dllmain_uninitialize_c 0000000180062288     MSVCRTD:utility.obj
 0004:00003294       $pdata$__scrt_dllmain_uninitialize_critical 0000000180062294     MSVCRTD:utility.obj
 0004:000032a0       $pdata$__scrt_dllmain_crt_thread_attach 00000001800622a0     MSVCRTD:utility.obj
 0004:000032ac       $pdata$__scrt_dllmain_crt_thread_detach 00000001800622ac     MSVCRTD:utility.obj
 0004:000032b8       $pdata$?configure_argv@__scrt_narrow_argv_policy@@SAHXZ 00000001800622b8     MSVCRTD:utility.obj
 0004:000032c4       $pdata$?initialize_environment@__scrt_narrow_environment_policy@@SAHXZ 00000001800622c4     MSVCRTD:utility.obj
 0004:000032d0       $pdata$?is_potentially_valid_image_base@@YA_NQEAX@Z 00000001800622d0     MSVCRTD:utility.obj
 0004:000032dc       $pdata$?find_pe_section@@YAPEAU_IMAGE_SECTION_HEADER@@QEAE_K@Z 00000001800622dc     MSVCRTD:utility.obj
 0004:000032e8       $pdata$??$__crt_fast_decode_pointer@PEAP6AXXZ@@YAPEAP6AXXZQEAP6AXXZ@Z 00000001800622e8     MSVCRTD:utility.obj
 0004:000032f4       $pdata$??$__crt_fast_encode_pointer@PEAP6AXXZ@@YAPEAP6AXXZQEAP6AXXZ@Z 00000001800622f4     MSVCRTD:utility.obj
 0004:00003300       $pdata$__scrt_get_show_window_mode 0000000180062300     MSVCRTD:utility_desktop.obj
 0004:0000330c       $pdata$__scrt_is_managed_app 000000018006230c     MSVCRTD:utility_desktop.obj
 0004:00003318       $pdata$__scrt_initialize_mta 0000000180062318     MSVCRTD:utility_desktop.obj
 0004:00003324       $pdata$__scrt_set_unhandled_exception_filter 0000000180062324     MSVCRTD:utility_desktop.obj
 0004:00003330       $pdata$__scrt_fastfail     0000000180062330     MSVCRTD:utility_desktop.obj
 0004:0000333c       $pdata$__scrt_unhandled_exception_filter 000000018006233c     MSVCRTD:utility_desktop.obj
 0004:00003348       $pdata$_RTC_Initialize     0000000180062348     MSVCRTD:initsect.obj
 0004:00003354       $pdata$_RTC_Terminate      0000000180062354     MSVCRTD:initsect.obj
 0004:0000336c       $pdata$_RTC_UninitUse      000000018006236c     MSVCRTD:error.obj
 0004:00003378       $pdata$?_RTC_StackFailure@@YAXPEAXPEBD@Z 0000000180062378     MSVCRTD:error.obj
 0004:00003384       $pdata$?_RTC_AllocaFailure@@YAXPEAXPEAU_RTC_ALLOCA_NODE@@H@Z 0000000180062384     MSVCRTD:error.obj
 0004:00003390       $pdata$0$?_RTC_AllocaFailure@@YAXPEAXPEAU_RTC_ALLOCA_NODE@@H@Z 0000000180062390     MSVCRTD:error.obj
 0004:0000339c       $pdata$1$?_RTC_AllocaFailure@@YAXPEAXPEAU_RTC_ALLOCA_NODE@@H@Z 000000018006239c     MSVCRTD:error.obj
 0004:000033a8       $pdata$_vsprintf_s_l       00000001800623a8     MSVCRTD:error.obj
 0004:000033b4       $pdata$sprintf_s           00000001800623b4     MSVCRTD:error.obj
 0004:000033c0       $pdata$?notify_debugger@@YAXAEBUtagEXCEPTION_VISUALCPP_DEBUG_INFO@@@Z 00000001800623c0     MSVCRTD:error.obj
 0004:000033cc       $pdata$?filt$0@?0??notify_debugger@@YAXAEBUtagEXCEPTION_VISUALCPP_DEBUG_INFO@@@Z@4HA 00000001800623cc     MSVCRTD:error.obj
 0004:000033d8       $pdata$?DebuggerProbe@@YA_NK@Z 00000001800623d8     MSVCRTD:error.obj
 0004:000033e4       $pdata$?DebuggerRuntime@@YA_NKHPEAXPEB_W@Z 00000001800623e4     MSVCRTD:error.obj
 0004:000033f0       $pdata$?failwithmessage@@YAXPEAXHHPEBD@Z 00000001800623f0     MSVCRTD:error.obj
 0004:000033fc       $pdata$?_getMemBlockDataString@@YAXPEAD0PEBD_K@Z 00000001800623fc     MSVCRTD:error.obj
 0004:00003408       $pdata$3$?_getMemBlockDataString@@YAXPEAD0PEBD_K@Z 0000000180062408     MSVCRTD:error.obj
 0004:00003414       $pdata$4$?_getMemBlockDataString@@YAXPEAD0PEBD_K@Z 0000000180062414     MSVCRTD:error.obj
 0004:00003420       $pdata$__isa_available_init 0000000180062420     MSVCRTD:cpu_disp.obj
 0004:0000342c       $pdata$__scrt_is_ucrt_dll_in_use 000000018006242c     MSVCRTD:ucrt_detection.obj
 0004:00003438       $pdata$?_RTC_GetSrcLine@@YAHPEAEPEA_WKPEAH1K@Z 0000000180062438     MSVCRTD:pdblkup.obj
 0004:00003444       $pdata$?GetPdbDllFromInstallPath@@YAPEAUHINSTANCE__@@XZ 0000000180062444     MSVCRTD:pdblkup.obj
 0004:00003450       $pdata$?GetPdbDllPathFromFilePath@@YAHPEB_WPEA_W_K@Z 0000000180062450     MSVCRTD:pdblkup.obj
 0004:0000345c       $pdata$?GetPdbDll@@YAPEAUHINSTANCE__@@XZ 000000018006245c     MSVCRTD:pdblkup.obj
 0004:00003468       $pdata$__GSHandlerCheckCommon 0000000180062468     MSVCRTD:gshandler.obj
 0004:00003474       $pdata$__GSHandlerCheck    0000000180062474     MSVCRTD:gshandler.obj
 0004:0000348c       $pdata$__report_securityfailure 000000018006248c     MSVCRTD:gs_report.obj
 0004:00003498       $pdata$__report_securityfailureEx 0000000180062498     MSVCRTD:gs_report.obj
 0004:000034a4       $pdata$__report_rangecheckfailure 00000001800624a4     MSVCRTD:gs_report.obj
 0004:000034b0       $pdata$__report_gsfailure  00000001800624b0     MSVCRTD:gs_report.obj
 0004:000034bc       $pdata$capture_current_context 00000001800624bc     MSVCRTD:gs_report.obj
 0004:000034c8       $pdata$capture_previous_context 00000001800624c8     MSVCRTD:gs_report.obj
 0004:000034d4       $pdata$__raise_securityfailure 00000001800624d4     MSVCRTD:gs_report.obj
 0005:000000a0       $R000000                   00000001800630a0     PhysXCooking.res
 0005:000003d0       $R000330                   00000001800633d0     PhysXCooking.res
